Archive member included to satisfy reference by file (symbol)

c:/users/akshh/documents/mcuxpressoide_11.0.1_2563/ide/plugins/com.nxp.mcuxpresso.tools.win32_11.0.1.201907311258/tools/bin/../lib/gcc/arm-none-eabi/8.2.1/../../../../arm-none-eabi/lib/thumb/v6-m/nofp\libcr_nohost_nf.a(_cr__main.o)
                              ./startup/startup_mkl25z4.o (__main)
c:/users/akshh/documents/mcuxpressoide_11.0.1_2563/ide/plugins/com.nxp.mcuxpresso.tools.win32_11.0.1.201907311258/tools/bin/../lib/gcc/arm-none-eabi/8.2.1/../../../../arm-none-eabi/lib/thumb/v6-m/nofp\libcr_nohost_nf.a(_cr_assert.o)
                              ./drivers/fsl_clock.o (__assertion_failed)
c:/users/akshh/documents/mcuxpressoide_11.0.1_2563/ide/plugins/com.nxp.mcuxpresso.tools.win32_11.0.1.201907311258/tools/bin/../lib/gcc/arm-none-eabi/8.2.1/../../../../arm-none-eabi/lib/thumb/v6-m/nofp\libcr_nohost_nf.a(__ciob.o)
                              c:/users/akshh/documents/mcuxpressoide_11.0.1_2563/ide/plugins/com.nxp.mcuxpresso.tools.win32_11.0.1.201907311258/tools/bin/../lib/gcc/arm-none-eabi/8.2.1/../../../../arm-none-eabi/lib/thumb/v6-m/nofp\libcr_nohost_nf.a(_cr_assert.o) (__Ciob)
c:/users/akshh/documents/mcuxpressoide_11.0.1_2563/ide/plugins/com.nxp.mcuxpresso.tools.win32_11.0.1.201907311258/tools/bin/../lib/gcc/arm-none-eabi/8.2.1/../../../../arm-none-eabi/lib/thumb/v6-m/nofp\libcr_nohost_nf.a(__sys_appexit.o)
                              c:/users/akshh/documents/mcuxpressoide_11.0.1_2563/ide/plugins/com.nxp.mcuxpresso.tools.win32_11.0.1.201907311258/tools/bin/../lib/gcc/arm-none-eabi/8.2.1/../../../../arm-none-eabi/lib/thumb/v6-m/nofp\libcr_nohost_nf.a(_cr_assert.o) (__sys_appexit)
c:/users/akshh/documents/mcuxpressoide_11.0.1_2563/ide/plugins/com.nxp.mcuxpresso.tools.win32_11.0.1.201907311258/tools/bin/../lib/gcc/arm-none-eabi/8.2.1/../../../../arm-none-eabi/lib/thumb/v6-m/nofp\libcr_c.a(memcpy.o)
                              ./drivers/fsl_flash.o (memcpy)
c:/users/akshh/documents/mcuxpressoide_11.0.1_2563/ide/plugins/com.nxp.mcuxpresso.tools.win32_11.0.1.201907311258/tools/bin/../lib/gcc/arm-none-eabi/8.2.1/../../../../arm-none-eabi/lib/thumb/v6-m/nofp\libcr_c.a(memset.o)
                              ./source/rtc.o (memset)
c:/users/akshh/documents/mcuxpressoide_11.0.1_2563/ide/plugins/com.nxp.mcuxpresso.tools.win32_11.0.1.201907311258/tools/bin/../lib/gcc/arm-none-eabi/8.2.1/../../../../arm-none-eabi/lib/thumb/v6-m/nofp\libcr_c.a(_deferredlazyseek.o)
                              c:/users/akshh/documents/mcuxpressoide_11.0.1_2563/ide/plugins/com.nxp.mcuxpresso.tools.win32_11.0.1.201907311258/tools/bin/../lib/gcc/arm-none-eabi/8.2.1/../../../../arm-none-eabi/lib/thumb/v6-m/nofp\libcr_nohost_nf.a(_cr_assert.o) (__flsbuf)
c:/users/akshh/documents/mcuxpressoide_11.0.1_2563/ide/plugins/com.nxp.mcuxpresso.tools.win32_11.0.1.201907311258/tools/bin/../lib/gcc/arm-none-eabi/8.2.1/../../../../arm-none-eabi/lib/thumb/v6-m/nofp\libcr_c.a(_fflush.o)
                              c:/users/akshh/documents/mcuxpressoide_11.0.1_2563/ide/plugins/com.nxp.mcuxpresso.tools.win32_11.0.1.201907311258/tools/bin/../lib/gcc/arm-none-eabi/8.2.1/../../../../arm-none-eabi/lib/thumb/v6-m/nofp\libcr_c.a(_deferredlazyseek.o) (_fflush)
c:/users/akshh/documents/mcuxpressoide_11.0.1_2563/ide/plugins/com.nxp.mcuxpresso.tools.win32_11.0.1.201907311258/tools/bin/../lib/gcc/arm-none-eabi/8.2.1/../../../../arm-none-eabi/lib/thumb/v6-m/nofp\libcr_c.a(_writebuf.o)
                              c:/users/akshh/documents/mcuxpressoide_11.0.1_2563/ide/plugins/com.nxp.mcuxpresso.tools.win32_11.0.1.201907311258/tools/bin/../lib/gcc/arm-none-eabi/8.2.1/../../../../arm-none-eabi/lib/thumb/v6-m/nofp\libcr_c.a(_deferredlazyseek.o) (_Cwritebuf)
c:/users/akshh/documents/mcuxpressoide_11.0.1_2563/ide/plugins/com.nxp.mcuxpresso.tools.win32_11.0.1.201907311258/tools/bin/../lib/gcc/arm-none-eabi/8.2.1/../../../../arm-none-eabi/lib/thumb/v6-m/nofp\libcr_c.a(alloc.o)
                              ./source/circularbuffer.o (malloc)
c:/users/akshh/documents/mcuxpressoide_11.0.1_2563/ide/plugins/com.nxp.mcuxpresso.tools.win32_11.0.1.201907311258/tools/bin/../lib/gcc/arm-none-eabi/8.2.1/../../../../arm-none-eabi/lib/thumb/v6-m/nofp\libcr_c.a(fpprintf.o)
                              ./source/rtc.o (printf)
c:/users/akshh/documents/mcuxpressoide_11.0.1_2563/ide/plugins/com.nxp.mcuxpresso.tools.win32_11.0.1.201907311258/tools/bin/../lib/gcc/arm-none-eabi/8.2.1/../../../../arm-none-eabi/lib/thumb/v6-m/nofp\libcr_c.a(fputs.o)
                              c:/users/akshh/documents/mcuxpressoide_11.0.1_2563/ide/plugins/com.nxp.mcuxpresso.tools.win32_11.0.1.201907311258/tools/bin/../lib/gcc/arm-none-eabi/8.2.1/../../../../arm-none-eabi/lib/thumb/v6-m/nofp\libcr_nohost_nf.a(_cr_assert.o) (fputs)
[...]
Memory Configuration

Name             Origin             Length             Attributes
PROGRAM_FLASH    0x00000000         0x00020000         xr
SRAM             0x1ffff000         0x00004000         xrw
*default*        0x00000000         0xffffffff

Linker script and memory map

LOAD ./startup/startup_mkl25z4.o
LOAD ./source/PES_Project_5.o
LOAD ./source/System.o
LOAD ./source/circularbuffer.o
LOAD ./source/count_characters.o
LOAD ./source/led_control.o
LOAD ./source/logger.o
LOAD ./source/mtb.o
LOAD ./source/rtc.o
LOAD ./source/semihost_hardfault.o
LOAD ./source/test.o
LOAD ./source/timestamp.o
LOAD ./source/uart.o
LOAD ./drivers/fsl_clock.o
LOAD ./drivers/fsl_common.o
LOAD ./drivers/fsl_flash.o
LOAD ./drivers/fsl_gpio.o
LOAD ./drivers/fsl_lpsci.o
LOAD ./drivers/fsl_rtc.o
LOAD ./drivers/fsl_smc.o
LOAD ./drivers/fsl_uart.o
LOAD ./board/board.o
LOAD ./board/clock_config.o
LOAD ./board/peripherals.o
LOAD ./board/pin_mux.o
LOAD ./CMSIS/system_MKL25Z4.o
START GROUP
LOAD c:/users/akshh/documents/mcuxpressoide_11.0.1_2563/ide/plugins/com.nxp.mcuxpresso.tools.win32_11.0.1.201907311258/tools/bin/../lib/gcc/arm-none-eabi/8.2.1/../../../../arm-none-eabi/lib/thumb/v6-m/nofp\libcr_nohost_nf.a
LOAD c:/users/akshh/documents/mcuxpressoide_11.0.1_2563/ide/plugins/com.nxp.mcuxpresso.tools.win32_11.0.1.201907311258/tools/bin/../lib/gcc/arm-none-eabi/8.2.1/../../../../arm-none-eabi/lib/thumb/v6-m/nofp\libcr_c.a
LOAD c:/users/akshh/documents/mcuxpressoide_11.0.1_2563/ide/plugins/com.nxp.mcuxpresso.tools.win32_11.0.1.201907311258/tools/bin/../lib/gcc/arm-none-eabi/8.2.1/thumb/v6-m/nofp\libcr_eabihelpers.a
LOAD c:/users/akshh/documents/mcuxpressoide_11.0.1_2563/ide/plugins/com.nxp.mcuxpresso.tools.win32_11.0.1.201907311258/tools/bin/../lib/gcc/arm-none-eabi/8.2.1/thumb/v6-m/nofp\libgcc.a
END GROUP
                0x00000000                __base_PROGRAM_FLASH = 0x0
                0x00000000                __base_Flash = 0x0
                0x00020000                __top_PROGRAM_FLASH = 0x20000
                0x00020000                __top_Flash = 0x20000
                0x1ffff000                __base_SRAM = 0x1ffff000
                0x1ffff000                __base_RAM = 0x1ffff000
                0x20003000                __top_SRAM = 0x20003000
                0x20003000                __top_RAM = 0x20003000

.text           0x00000000     0x3a00
 FILL mask 0xff
                0x00000000                __vectors_start__ = ABSOLUTE (.)
 *(SORT_BY_ALIGNMENT(.isr_vector))
 .isr_vector    0x00000000       0xc0 ./startup/startup_mkl25z4.o
                0x00000000                g_pfnVectors
                0x00000000                __Vectors
                0x000000c0                . = ALIGN (0x4)
                0x000000c0                __section_table_start = .
                0x000000c0                __data_section_table = .
                0x000000c0        0x4 LONG 0x3a00 LOADADDR (.data)
                0x000000c4        0x4 LONG 0x1ffff080 ADDR (.data)
                0x000000c8        0x4 LONG 0x4 SIZEOF (.data)
                0x000000cc                __data_section_table_end = .
                0x000000cc                __bss_section_table = .
                0x000000cc        0x4 LONG 0x1ffff084 ADDR (.bss)
                0x000000d0        0x4 LONG 0x5f0 SIZEOF (.bss)
                0x000000d4                __bss_section_table_end = .
                0x000000d4                __section_table_end = .
 *(SORT_BY_ALIGNMENT(.after_vectors*))
 .after_vectors.reset
                0x000000d4       0x4c ./startup/startup_mkl25z4.o
                0x000000d4                ResetISR
 .after_vectors.init_data
                0x00000120       0x12 ./startup/startup_mkl25z4.o
                0x00000120                data_init
 .after_vectors.init_bss
                0x00000132       0x10 ./startup/startup_mkl25z4.o
                0x00000132                bss_init
 .after_vectors
                0x00000142      0x10c ./startup/startup_mkl25z4.o
                0x00000142                NMI_Handler
                0x00000146                SVC_Handler
                0x00000148                PendSV_Handler
                0x0000014c                SPI1_DriverIRQHandler
                0x0000014c                LPTMR0_DriverIRQHandler
                0x0000014c                DMA0_DriverIRQHandler
                0x0000014c                I2C0_DriverIRQHandler
                0x0000014c                Reserved39_DriverIRQHandler
                0x0000014c                PORTD_DriverIRQHandler
                0x0000014c                DMA2_DriverIRQHandler
                0x0000014c                CMP0_DriverIRQHandler
                0x0000014c                TPM2_DriverIRQHandler
                0x0000014c                ADC0_DriverIRQHandler
                0x0000014c                SPI0_DriverIRQHandler
                0x0000014c                TSI0_DriverIRQHandler
                0x0000014c                RTC_Seconds_DriverIRQHandler
                0x0000014c                I2C1_DriverIRQHandler
                0x0000014c                DMA1_DriverIRQHandler
                0x0000014c                LLWU_DriverIRQHandler
                0x0000014c                MCG_DriverIRQHandler
                0x0000014c                PIT_DriverIRQHandler
                0x0000014c                RTC_DriverIRQHandler
                0x0000014c                TPM1_DriverIRQHandler
                0x0000014c                FTFA_DriverIRQHandler
                0x0000014c                IntDefaultHandler
                0x0000014c                USB0_DriverIRQHandler
                0x0000014c                DAC0_DriverIRQHandler
                0x0000014c                PORTA_DriverIRQHandler
                0x0000014c                LVD_LVW_DriverIRQHandler
                0x0000014c                TPM0_DriverIRQHandler
                0x0000014c                Reserved45_DriverIRQHandler
                0x0000014c                DMA3_DriverIRQHandler
                0x0000014c                Reserved20_DriverIRQHandler
                0x0000014e                DMA0_IRQHandler
                0x00000156                DMA1_IRQHandler
                0x0000015e                DMA2_IRQHandler
                0x00000166                DMA3_IRQHandler
                0x0000016e                Reserved20_IRQHandler
                0x00000176                FTFA_IRQHandler
                0x0000017e                LVD_LVW_IRQHandler
                0x00000186                LLWU_IRQHandler
                0x0000018e                I2C0_IRQHandler
                0x00000196                I2C1_IRQHandler
                0x0000019e                SPI0_IRQHandler
                0x000001a6                SPI1_IRQHandler
                0x000001ae                UART0_IRQHandler
                0x000001b6                UART1_IRQHandler
                0x000001be                UART2_IRQHandler
                0x000001c6                ADC0_IRQHandler
                0x000001ce                CMP0_IRQHandler
                0x000001d6                TPM0_IRQHandler
                0x000001de                TPM1_IRQHandler
                0x000001e6                TPM2_IRQHandler
                0x000001ee                RTC_IRQHandler
                0x000001fe                PIT_IRQHandler
                0x00000206                Reserved39_IRQHandler
                0x0000020e                USB0_IRQHandler
                0x00000216                DAC0_IRQHandler
                0x0000021e                TSI0_IRQHandler
                0x00000226                MCG_IRQHandler
                0x0000022e                LPTMR0_IRQHandler
                0x00000236                Reserved45_IRQHandler
                0x0000023e                PORTA_IRQHandler
                0x00000246                PORTD_IRQHandler
                0x00000400                . = 0x400
 *fill*         0x0000024e      0x1b2 ff
                0x00000400                PROVIDE (__FLASH_CONFIG_START__ = .)
 *(SORT_BY_ALIGNMENT(.FlashConfig))
 .FlashConfig   0x00000400       0x10 ./startup/startup_mkl25z4.o
                0x00000400                Flash_Config
                0x00000410                PROVIDE (__FLASH_CONFIG_END__ = .)
                0x00000001                ASSERT (! ((__FLASH_CONFIG_START__ == __FLASH_CONFIG_END__)), Linker Flash Config Support Enabled, but no .FlashConfig section provided within application)
 *(SORT_BY_ALIGNMENT(.text*))
 .text.NVIC_SetPriority
                0x00000410       0xdc ./source/PES_Project_5.o
 .text.SysTick_Config
                0x000004ec       0x48 ./source/PES_Project_5.o
 .text.main     0x00000534       0x8c ./source/PES_Project_5.o
                0x00000534                main
 .text.System_Safestate
                0x000005c0       0x1c ./source/System.o
                0x000005c0                System_Safestate
 .text.System_WriteString
                0x000005dc       0x24 ./source/System.o
                0x000005dc                System_WriteString
 .text.count_characters
                0x00000600       0x60 ./source/count_characters.o
                0x00000600                count_characters
 .text.application_report
                0x00000660       0xbc ./source/count_characters.o
                0x00000660                application_report
 .text.log_string
                0x0000071c       0x5c ./source/logger.o
                0x0000071c                log_string
 .text.RTC_Seconds_IRQHandler
                0x00000778       0x14 ./source/rtc.o
                0x00000778                RTC_Seconds_IRQHandler
 .text.HardFault_Handler
                0x0000078c       0x30 ./source/semihost_hardfault.o
                0x0000078c                HardFault_Handler
 .text.unit_test_cases
                0x000007bc      0x7b4 ./source/test.o
                0x000007bc                unit_test_cases
 .text.SysTick_Handler
                0x00000f70       0x18 ./source/timestamp.o
                0x00000f70                SysTick_Handler
 .text.get_timestamp
                0x00000f88      0x100 ./source/timestamp.o
                0x00000f88                get_timestamp
 .text.Init_UART0
                0x00001088      0x154 ./source/uart.o
                0x00001088                Init_UART0
 .text.uart0_putchar
                0x000011dc       0x2c ./source/uart.o
                0x000011dc                uart0_putchar
 .text.uart0_getchar
                0x00001208       0x20 ./source/uart.o
                0x00001208                uart0_getchar
 .text.tx_available
                0x00001228       0x20 ./source/uart.o
                0x00001228                tx_available
 .text.rx_available
                0x00001248       0x24 ./source/uart.o
                0x00001248                rx_available
 .text.uart_application
                0x0000126c       0xd4 ./source/uart.o
                0x0000126c                uart_application
 .text.CLOCK_SetEr32kClock
                0x00001340       0x34 ./drivers/fsl_clock.o
 .text.CLOCK_SetPllFllSelClock
                0x00001374       0x38 ./drivers/fsl_clock.o
 .text.CLOCK_GetOscRangeFromFreq
                0x000013ac       0x4c ./drivers/fsl_clock.o
 .text.CLOCK_SetSimConfig
                0x000013f8       0x38 ./drivers/fsl_clock.o
                0x000013f8                CLOCK_SetSimConfig
 .text.CLOCK_SetInternalRefClkConfig
                0x00001430      0x124 ./drivers/fsl_clock.o
                0x00001430                CLOCK_SetInternalRefClkConfig
 .text.CLOCK_EnablePll0
                0x00001554       0x90 ./drivers/fsl_clock.o
                0x00001554                CLOCK_EnablePll0
 .text.CLOCK_InitOsc0
                0x000015e4       0x94 ./drivers/fsl_clock.o
                0x000015e4                CLOCK_InitOsc0
 .text.CLOCK_SetPbeMode
                0x00001678       0xb0 ./drivers/fsl_clock.o
                0x00001678                CLOCK_SetPbeMode
 .text.CLOCK_BootToPeeMode
                0x00001728       0x70 ./drivers/fsl_clock.o
                0x00001728                CLOCK_BootToPeeMode
 .text.UART0_DriverIRQHandler
                0x00001798       0x24 ./drivers/fsl_lpsci.o
                0x00001798                UART0_DriverIRQHandler
 .text.UART1_DriverIRQHandler
                0x000017bc       0x24 ./drivers/fsl_uart.o
                0x000017bc                UART1_DriverIRQHandler
 .text.UART2_DriverIRQHandler
                0x000017e0       0x24 ./drivers/fsl_uart.o
                0x000017e0                UART2_DriverIRQHandler
 .text.CLOCK_SetSimSafeDivs
                0x00001804       0x20 ./board/clock_config.o
 .text.CLOCK_SetXtal0Freq
                0x00001824       0x1c ./board/clock_config.o
 .text.CLOCK_CONFIG_SetFllExtRefDiv
                0x00001840       0x3c ./board/clock_config.o
 .text.BOARD_BootClockRUN
                0x0000187c       0x64 ./board/clock_config.o
                0x0000187c                BOARD_BootClockRUN
 .text.CLOCK_EnableClock
                0x000018e0       0x34 ./board/pin_mux.o
 .text.PORT_SetPinMux
                0x00001914       0x40 ./board/pin_mux.o
 .text.BOARD_InitPins
                0x00001954       0x4c ./board/pin_mux.o
                0x00001954                BOARD_InitPins
 .text.SystemInit
                0x000019a0       0x18 ./CMSIS/system_MKL25Z4.o
                0x000019a0                SystemInit
 .text.__assertion_failed
                0x000019b8       0x4c c:/users/akshh/documents/mcuxpressoide_11.0.1_2563/ide/plugins/com.nxp.mcuxpresso.tools.win32_11.0.1.201907311258/tools/bin/../lib/gcc/arm-none-eabi/8.2.1/../../../../arm-none-eabi/lib/thumb/v6-m/nofp\libcr_nohost_nf.a(_cr_assert.o)
                0x000019b8                __assertion_failed
 .text._deferredlazyseek
                0x00001a04       0x40 c:/users/akshh/documents/mcuxpressoide_11.0.1_2563/ide/plugins/com.nxp.mcuxpresso.tools.win32_11.0.1.201907311258/tools/bin/../lib/gcc/arm-none-eabi/8.2.1/../../../../arm-none-eabi/lib/thumb/v6-m/nofp\libcr_c.a(_deferredlazyseek.o)
                0x00001a04                _deferredlazyseek
 .text.__flsbuf
                0x00001a44      0x14c c:/users/akshh/documents/mcuxpressoide_11.0.1_2563/ide/plugins/com.nxp.mcuxpresso.tools.win32_11.0.1.201907311258/tools/bin/../lib/gcc/arm-none-eabi/8.2.1/../../../../arm-none-eabi/lib/thumb/v6-m/nofp\libcr_c.a(_deferredlazyseek.o)
                0x00001a44                __flsbuf
 .text._fflush  0x00001b90       0x5c c:/users/akshh/documents/mcuxpressoide_11.0.1_2563/ide/plugins/com.nxp.mcuxpresso.tools.win32_11.0.1.201907311258/tools/bin/../lib/gcc/arm-none-eabi/8.2.1/../../../../arm-none-eabi/lib/thumb/v6-m/nofp\libcr_c.a(_fflush.o)
                0x00001b90                _fflush
 .text._Cwritebuf
                0x00001bec       0x68 c:/users/akshh/documents/mcuxpressoide_11.0.1_2563/ide/plugins/com.nxp.mcuxpresso.tools.win32_11.0.1.201907311258/tools/bin/../lib/gcc/arm-none-eabi/8.2.1/../../../../arm-none-eabi/lib/thumb/v6-m/nofp\libcr_c.a(_writebuf.o)
                0x00001bec                _Cwritebuf
 .text.malloc   0x00001c54       0xcc c:/users/akshh/documents/mcuxpressoide_11.0.1_2563/ide/plugins/com.nxp.mcuxpresso.tools.win32_11.0.1.201907311258/tools/bin/../lib/gcc/arm-none-eabi/8.2.1/../../../../arm-none-eabi/lib/thumb/v6-m/nofp\libcr_c.a(alloc.o)
                0x00001c54                malloc
 .text._Csys_alloc
                0x00001d20       0x20 c:/users/akshh/documents/mcuxpressoide_11.0.1_2563/ide/plugins/com.nxp.mcuxpresso.tools.win32_11.0.1.201907311258/tools/bin/../lib/gcc/arm-none-eabi/8.2.1/../../../../arm-none-eabi/lib/thumb/v6-m/nofp\libcr_c.a(alloc.o)
                0x00001d20                _Csys_alloc
 .text.fseek    0x00001d40       0xf0 c:/users/akshh/documents/mcuxpressoide_11.0.1_2563/ide/plugins/com.nxp.mcuxpresso.tools.win32_11.0.1.201907311258/tools/bin/../lib/gcc/arm-none-eabi/8.2.1/../../../../arm-none-eabi/lib/thumb/v6-m/nofp\libcr_c.a(fseek.o)
                0x00001d40                fseek
 .text.ftell    0x00001e30       0x48 c:/users/akshh/documents/mcuxpressoide_11.0.1_2563/ide/plugins/com.nxp.mcuxpresso.tools.win32_11.0.1.201907311258/tools/bin/../lib/gcc/arm-none-eabi/8.2.1/../../../../arm-none-eabi/lib/thumb/v6-m/nofp\libcr_c.a(ftell.o)
                0x00001e30                ftell
 .text._initio  0x00001e78       0x7c c:/users/akshh/documents/mcuxpressoide_11.0.1_2563/ide/plugins/com.nxp.mcuxpresso.tools.win32_11.0.1.201907311258/tools/bin/../lib/gcc/arm-none-eabi/8.2.1/../../../../arm-none-eabi/lib/thumb/v6-m/nofp\libcr_c.a(initio.o)
                0x00001e78                _initio
 .text.__vfprintf
                0x00001ef4      0xcd8 c:/users/akshh/documents/mcuxpressoide_11.0.1_2563/ide/plugins/com.nxp.mcuxpresso.tools.win32_11.0.1.201907311258/tools/bin/../lib/gcc/arm-none-eabi/8.2.1/../../../../arm-none-eabi/lib/thumb/v6-m/nofp\libcr_c.a(printf.o)
                0x00001ef4                __vfprintf
 .text._sprintf
                0x00002bcc       0x6c c:/users/akshh/documents/mcuxpressoide_11.0.1_2563/ide/plugins/com.nxp.mcuxpresso.tools.win32_11.0.1.201907311258/tools/bin/../lib/gcc/arm-none-eabi/8.2.1/../../../../arm-none-eabi/lib/thumb/v6-m/nofp\libcr_c.a(printf.o)
                0x00002bcc                _sprintf
 .text._vsnprintf
                0x00002c38       0x70 c:/users/akshh/documents/mcuxpressoide_11.0.1_2563/ide/plugins/com.nxp.mcuxpresso.tools.win32_11.0.1.201907311258/tools/bin/../lib/gcc/arm-none-eabi/8.2.1/../../../../arm-none-eabi/lib/thumb/v6-m/nofp\libcr_c.a(printf.o)
                0x00002c38                _vsnprintf
 .text._printf  0x00002ca8       0x50 c:/users/akshh/documents/mcuxpressoide_11.0.1_2563/ide/plugins/com.nxp.mcuxpresso.tools.win32_11.0.1.201907311258/tools/bin/../lib/gcc/arm-none-eabi/8.2.1/../../../../arm-none-eabi/lib/thumb/v6-m/nofp\libcr_c.a(printf.o)
                0x00002ca8                _printf
 .text.setvbuf  0x00002cf8       0x4c c:/users/akshh/documents/mcuxpressoide_11.0.1_2563/ide/plugins/com.nxp.mcuxpresso.tools.win32_11.0.1.201907311258/tools/bin/../lib/gcc/arm-none-eabi/8.2.1/../../../../arm-none-eabi/lib/thumb/v6-m/nofp\libcr_c.a(setvbuf.o)
                0x00002cf8                setvbuf
 .text.strlen   0x00002d44       0x58 c:/users/akshh/documents/mcuxpressoide_11.0.1_2563/ide/plugins/com.nxp.mcuxpresso.tools.win32_11.0.1.201907311258/tools/bin/../lib/gcc/arm-none-eabi/8.2.1/../../../../arm-none-eabi/lib/thumb/v6-m/nofp\libcr_c.a(strlen.o)
                0x00002d44                strlen
 .text._sbrk    0x00002d9c       0x40 c:/users/akshh/documents/mcuxpressoide_11.0.1_2563/ide/plugins/com.nxp.mcuxpresso.tools.win32_11.0.1.201907311258/tools/bin/../lib/gcc/arm-none-eabi/8.2.1/../../../../arm-none-eabi/lib/thumb/v6-m/nofp\libcr_c.a(_cr_sbrk.o)
                0x00002d9c                _sbrk
 .text._fdopen  0x00002ddc       0x74 c:/users/akshh/documents/mcuxpressoide_11.0.1_2563/ide/plugins/com.nxp.mcuxpresso.tools.win32_11.0.1.201907311258/tools/bin/../lib/gcc/arm-none-eabi/8.2.1/../../../../arm-none-eabi/lib/thumb/v6-m/nofp\libcr_c.a(_fdopen.o)
                0x00002ddc                _fdopen
 .text.fclose   0x00002e50       0x5c c:/users/akshh/documents/mcuxpressoide_11.0.1_2563/ide/plugins/com.nxp.mcuxpresso.tools.win32_11.0.1.201907311258/tools/bin/../lib/gcc/arm-none-eabi/8.2.1/../../../../arm-none-eabi/lib/thumb/v6-m/nofp\libcr_c.a(fclose.o)
                0x00002e50                fclose
 .text.fflush   0x00002eac       0x44 c:/users/akshh/documents/mcuxpressoide_11.0.1_2563/ide/plugins/com.nxp.mcuxpresso.tools.win32_11.0.1.201907311258/tools/bin/../lib/gcc/arm-none-eabi/8.2.1/../../../../arm-none-eabi/lib/thumb/v6-m/nofp\libcr_c.a(fflush.o)
                0x00002eac                fflush
 .text.__check_heap_overflow
                0x00002ef0       0x14 c:/users/akshh/documents/mcuxpressoide_11.0.1_2563/ide/plugins/com.nxp.mcuxpresso.tools.win32_11.0.1.201907311258/tools/bin/../lib/gcc/arm-none-eabi/8.2.1/../../../../arm-none-eabi/lib/thumb/v6-m/nofp\libcr_c.a(_cr_check_heap.o)
                0x00002ef0                __check_heap_overflow
 .text._do_fflush
                0x00002f04       0x44 c:/users/akshh/documents/mcuxpressoide_11.0.1_2563/ide/plugins/com.nxp.mcuxpresso.tools.win32_11.0.1.201907311258/tools/bin/../lib/gcc/arm-none-eabi/8.2.1/../../../../arm-none-eabi/lib/thumb/v6-m/nofp\libcr_c.a(_do_fflush.o)
                0x00002f04                _do_fflush
 .text.__aeabi_ddiv
                0x00002f48      0x148 c:/users/akshh/documents/mcuxpressoide_11.0.1_2563/ide/plugins/com.nxp.mcuxpresso.tools.win32_11.0.1.201907311258/tools/bin/../lib/gcc/arm-none-eabi/8.2.1/thumb/v6-m/nofp\libcr_eabihelpers.a(double.o)
                0x00002f48                __aeabi_ddiv
 .text.__aeabi_d2uiz
                0x00003090       0x34 c:/users/akshh/documents/mcuxpressoide_11.0.1_2563/ide/plugins/com.nxp.mcuxpresso.tools.win32_11.0.1.201907311258/tools/bin/../lib/gcc/arm-none-eabi/8.2.1/thumb/v6-m/nofp\libcr_eabihelpers.a(double.o)
                0x00003090                __aeabi_d2uiz
 .text.System_exit
                0x000030c4        0xc ./source/System.o
                0x000030c4                System_exit
 .text.circular_buf_init
                0x000030d0       0x4e ./source/circularbuffer.o
                0x000030d0                circular_buf_init
 .text.circular_buf_full
                0x0000311e       0x2c ./source/circularbuffer.o
                0x0000311e                circular_buf_full
 .text.circular_buf_empty
                0x0000314a       0x28 ./source/circularbuffer.o
                0x0000314a                circular_buf_empty
 .text.circular_buf_put2
                0x00003172       0x84 ./source/circularbuffer.o
                0x00003172                circular_buf_put2
 .text.circular_buf_get
                0x000031f6       0x80 ./source/circularbuffer.o
                0x000031f6                circular_buf_get
 .text.Send_String_Poll
                0x00003276       0x28 ./source/uart.o
                0x00003276                Send_String_Poll
 .text.OSC_SetExtRefClkConfig
                0x0000329e       0x3e ./drivers/fsl_clock.o
 .text.OSC_SetCapLoad
                0x000032dc       0x42 ./drivers/fsl_clock.o
 .text.CLOCK_SetExternalRefClkConfig
                0x0000331e       0x16 ./drivers/fsl_clock.o
                0x0000331e                CLOCK_SetExternalRefClkConfig
 .text.BOARD_InitBootClocks
                0x00003334        0xe ./board/clock_config.o
                0x00003334                BOARD_InitBootClocks
 .text.BOARD_InitBootPeripherals
                0x00003342        0xa ./board/peripherals.o
                0x00003342                BOARD_InitBootPeripherals
 .text.BOARD_InitBootPins
                0x0000334c        0xe ./board/pin_mux.o
                0x0000334c                BOARD_InitBootPins
 .text.__main   0x0000335a        0xc c:/users/akshh/documents/mcuxpressoide_11.0.1_2563/ide/plugins/com.nxp.mcuxpresso.tools.win32_11.0.1.201907311258/tools/bin/../lib/gcc/arm-none-eabi/8.2.1/../../../../arm-none-eabi/lib/thumb/v6-m/nofp\libcr_nohost_nf.a(_cr__main.o)
                0x0000335a                __main
 .text.__sys_appexit
                0x00003366        0x2 c:/users/akshh/documents/mcuxpressoide_11.0.1_2563/ide/plugins/com.nxp.mcuxpresso.tools.win32_11.0.1.201907311258/tools/bin/../lib/gcc/arm-none-eabi/8.2.1/../../../../arm-none-eabi/lib/thumb/v6-m/nofp\libcr_nohost_nf.a(__sys_appexit.o)
                0x00003366                __sys_appexit
                0x00003366                __exit
 .text.memset   0x00003368        0x8 c:/users/akshh/documents/mcuxpressoide_11.0.1_2563/ide/plugins/com.nxp.mcuxpresso.tools.win32_11.0.1.201907311258/tools/bin/../lib/gcc/arm-none-eabi/8.2.1/../../../../arm-none-eabi/lib/thumb/v6-m/nofp\libcr_c.a(memset.o)
                0x00003368                memset
 .text.free     0x00003370       0x2c c:/users/akshh/documents/mcuxpressoide_11.0.1_2563/ide/plugins/com.nxp.mcuxpresso.tools.win32_11.0.1.201907311258/tools/bin/../lib/gcc/arm-none-eabi/8.2.1/../../../../arm-none-eabi/lib/thumb/v6-m/nofp\libcr_c.a(alloc.o)
                0x00003370                free
 .text.fputs    0x0000339c       0x2e c:/users/akshh/documents/mcuxpressoide_11.0.1_2563/ide/plugins/com.nxp.mcuxpresso.tools.win32_11.0.1.201907311258/tools/bin/../lib/gcc/arm-none-eabi/8.2.1/../../../../arm-none-eabi/lib/thumb/v6-m/nofp\libcr_c.a(fputs.o)
                0x0000339c                fputs
 .text.no_fp_display
                0x000033ca        0x4 c:/users/akshh/documents/mcuxpressoide_11.0.1_2563/ide/plugins/com.nxp.mcuxpresso.tools.win32_11.0.1.201907311258/tools/bin/../lib/gcc/arm-none-eabi/8.2.1/../../../../arm-none-eabi/lib/thumb/v6-m/nofp\libcr_c.a(printf.o)
 .text.remove   0x000033ce       0x12 c:/users/akshh/documents/mcuxpressoide_11.0.1_2563/ide/plugins/com.nxp.mcuxpresso.tools.win32_11.0.1.201907311258/tools/bin/../lib/gcc/arm-none-eabi/8.2.1/../../../../arm-none-eabi/lib/thumb/v6-m/nofp\libcr_c.a(remove.o)
                0x000033ce                remove
 .text.__aeabi_division_idivmod
                0x000033e0       0x78 c:/users/akshh/documents/mcuxpressoide_11.0.1_2563/ide/plugins/com.nxp.mcuxpresso.tools.win32_11.0.1.201907311258/tools/bin/../lib/gcc/arm-none-eabi/8.2.1/thumb/v6-m/nofp\libcr_eabihelpers.a(division_32.o)
                0x000033e0                __aeabi_idivmod
                0x000033e0                __aeabi_idiv
                0x000033e6                __aeabi_uidivmod
                0x000033e6                __aeabi_uidiv
 .text.__aeabi_division_idiv0
                0x00003458        0x2 c:/users/akshh/documents/mcuxpressoide_11.0.1_2563/ide/plugins/com.nxp.mcuxpresso.tools.win32_11.0.1.201907311258/tools/bin/../lib/gcc/arm-none-eabi/8.2.1/thumb/v6-m/nofp\libcr_eabihelpers.a(division_idiv0.o)
                0x00003458                __aeabi_idiv0
 .text.__bhs_ui2d
                0x0000345a       0x5e c:/users/akshh/documents/mcuxpressoide_11.0.1_2563/ide/plugins/com.nxp.mcuxpresso.tools.win32_11.0.1.201907311258/tools/bin/../lib/gcc/arm-none-eabi/8.2.1/thumb/v6-m/nofp\libcr_eabihelpers.a(double.o)
                0x0000345a                __bhs_ui2d
 .text.__aeabi_ui2d
                0x000034b8        0xc c:/users/akshh/documents/mcuxpressoide_11.0.1_2563/ide/plugins/com.nxp.mcuxpresso.tools.win32_11.0.1.201907311258/tools/bin/../lib/gcc/arm-none-eabi/8.2.1/thumb/v6-m/nofp\libcr_eabihelpers.a(double.o)
                0x000034b8                __aeabi_ui2d
 .text.__aeabi_llong_lmul
                0x000034c4       0x2e c:/users/akshh/documents/mcuxpressoide_11.0.1_2563/ide/plugins/com.nxp.mcuxpresso.tools.win32_11.0.1.201907311258/tools/bin/../lib/gcc/arm-none-eabi/8.2.1/thumb/v6-m/nofp\libcr_eabihelpers.a(llong.o)
                0x000034c4                __aeabi_lmul
 .text.__aeabi_memset_lowlevel
                0x000034f2       0x2a c:/users/akshh/documents/mcuxpressoide_11.0.1_2563/ide/plugins/com.nxp.mcuxpresso.tools.win32_11.0.1.201907311258/tools/bin/../lib/gcc/arm-none-eabi/8.2.1/thumb/v6-m/nofp\libcr_eabihelpers.a(memcpy.o)
                0x000034f2                __aeabi_lowlevel_memset
 .text.__sys_close
                0x0000351c        0x6 c:/users/akshh/documents/mcuxpressoide_11.0.1_2563/ide/plugins/com.nxp.mcuxpresso.tools.win32_11.0.1.201907311258/tools/bin/../lib/gcc/arm-none-eabi/8.2.1/../../../../arm-none-eabi/lib/thumb/v6-m/nofp\libcr_nohost_nf.a(__sys_close.o)
                0x0000351c                __sys_close
 .text.__sys_flen
                0x00003522        0x6 c:/users/akshh/documents/mcuxpressoide_11.0.1_2563/ide/plugins/com.nxp.mcuxpresso.tools.win32_11.0.1.201907311258/tools/bin/../lib/gcc/arm-none-eabi/8.2.1/../../../../arm-none-eabi/lib/thumb/v6-m/nofp\libcr_nohost_nf.a(__sys_flen.o)
                0x00003522                __sys_flen
 .text.__sys_istty
                0x00003528        0x6 c:/users/akshh/documents/mcuxpressoide_11.0.1_2563/ide/plugins/com.nxp.mcuxpresso.tools.win32_11.0.1.201907311258/tools/bin/../lib/gcc/arm-none-eabi/8.2.1/../../../../arm-none-eabi/lib/thumb/v6-m/nofp\libcr_nohost_nf.a(__sys_istty.o)
                0x00003528                __sys_istty
 .text.__sys_remove
                0x0000352e        0x6 c:/users/akshh/documents/mcuxpressoide_11.0.1_2563/ide/plugins/com.nxp.mcuxpresso.tools.win32_11.0.1.201907311258/tools/bin/../lib/gcc/arm-none-eabi/8.2.1/../../../../arm-none-eabi/lib/thumb/v6-m/nofp\libcr_nohost_nf.a(__sys_remove.o)
                0x0000352e                __sys_remove
 .text.__sys_seek
                0x00003534        0x6 c:/users/akshh/documents/mcuxpressoide_11.0.1_2563/ide/plugins/com.nxp.mcuxpresso.tools.win32_11.0.1.201907311258/tools/bin/../lib/gcc/arm-none-eabi/8.2.1/../../../../arm-none-eabi/lib/thumb/v6-m/nofp\libcr_nohost_nf.a(__sys_seek.o)
                0x00003534                __sys_seek
 .text.__sys_tmpnam
                0x0000353a        0x6 c:/users/akshh/documents/mcuxpressoide_11.0.1_2563/ide/plugins/com.nxp.mcuxpresso.tools.win32_11.0.1.201907311258/tools/bin/../lib/gcc/arm-none-eabi/8.2.1/../../../../arm-none-eabi/lib/thumb/v6-m/nofp\libcr_nohost_nf.a(__sys_tmpnam.o)
                0x0000353a                __sys_tmpnam
 .text.__sys_write
                0x00003540        0x4 c:/users/akshh/documents/mcuxpressoide_11.0.1_2563/ide/plugins/com.nxp.mcuxpresso.tools.win32_11.0.1.201907311258/tools/bin/../lib/gcc/arm-none-eabi/8.2.1/../../../../arm-none-eabi/lib/thumb/v6-m/nofp\libcr_nohost_nf.a(__sys_write.o)
                0x00003540                __sys_write
 *(SORT_BY_ALIGNMENT(.rodata) SORT_BY_ALIGNMENT(.rodata.*) SORT_BY_ALIGNMENT(.constdata) SORT_BY_ALIGNMENT(.constdata.*))
 .rodata        0x00003544        0xc ./source/PES_Project_5.o
 .rodata        0x00003550       0x63 ./source/System.o
 *fill*         0x000035b3        0x1 ff
 .rodata        0x000035b4       0x2e ./source/count_characters.o
 *fill*         0x000035e2        0x2 ff
 .rodata        0x000035e4       0x6c ./source/logger.o
 .rodata        0x00003650      0x207 ./source/test.o
 *fill*         0x00003857        0x1 ff
 .rodata        0x00003858      0x11d ./drivers/fsl_clock.o
 *fill*         0x00003975        0x3 ff
 .rodata.mcgConfig_BOARD_BootClockRUN
                0x00003978        0xa ./board/clock_config.o
                0x00003978                mcgConfig_BOARD_BootClockRUN
 *fill*         0x00003982        0x2 ff
 .rodata.simConfig_BOARD_BootClockRUN
                0x00003984        0x8 ./board/clock_config.o
                0x00003984                simConfig_BOARD_BootClockRUN
 .rodata.oscConfig_BOARD_BootClockRUN
                0x0000398c        0x8 ./board/clock_config.o
                0x0000398c                oscConfig_BOARD_BootClockRUN
 .rodata.__num_Ciob_streams
                0x00003994        0x4 c:/users/akshh/documents/mcuxpressoide_11.0.1_2563/ide/plugins/com.nxp.mcuxpresso.tools.win32_11.0.1.201907311258/tools/bin/../lib/gcc/arm-none-eabi/8.2.1/../../../../arm-none-eabi/lib/thumb/v6-m/nofp\libcr_nohost_nf.a(__ciob.o)
                0x00003994                __num_Ciob_streams
 .rodata.__assertion_failed.str1.1
                0x00003998       0x15 c:/users/akshh/documents/mcuxpressoide_11.0.1_2563/ide/plugins/com.nxp.mcuxpresso.tools.win32_11.0.1.201907311258/tools/bin/../lib/gcc/arm-none-eabi/8.2.1/../../../../arm-none-eabi/lib/thumb/v6-m/nofp\libcr_nohost_nf.a(_cr_assert.o)
 .rodata._Csys_alloc.str1.1
                0x000039ad       0x18 c:/users/akshh/documents/mcuxpressoide_11.0.1_2563/ide/plugins/com.nxp.mcuxpresso.tools.win32_11.0.1.201907311258/tools/bin/../lib/gcc/arm-none-eabi/8.2.1/../../../../arm-none-eabi/lib/thumb/v6-m/nofp\libcr_c.a(alloc.o)
 .rodata._initio.str1.1
                0x000039c5        0x4 c:/users/akshh/documents/mcuxpressoide_11.0.1_2563/ide/plugins/com.nxp.mcuxpresso.tools.win32_11.0.1.201907311258/tools/bin/../lib/gcc/arm-none-eabi/8.2.1/../../../../arm-none-eabi/lib/thumb/v6-m/nofp\libcr_c.a(initio.o)
 .rodata.__vfprintf.str1.1
                0x000039c9       0x35 c:/users/akshh/documents/mcuxpressoide_11.0.1_2563/ide/plugins/com.nxp.mcuxpresso.tools.win32_11.0.1.201907311258/tools/bin/../lib/gcc/arm-none-eabi/8.2.1/../../../../arm-none-eabi/lib/thumb/v6-m/nofp\libcr_c.a(printf.o)
                                 0x38 (size before relaxing)
                0x00003a00                . = ALIGN (0x4)
 *fill*         0x000039fe        0x2 ff

.glue_7         0x00003a00        0x0
 .glue_7        0x00003a00        0x0 linker stubs

.glue_7t        0x00003a00        0x0
 .glue_7t       0x00003a00        0x0 linker stubs

.vfp11_veneer   0x00003a00        0x0
 .vfp11_veneer  0x00003a00        0x0 linker stubs

.v4_bx          0x00003a00        0x0
 .v4_bx         0x00003a00        0x0 linker stubs

.iplt           0x00003a00        0x0
 .iplt          0x00003a00        0x0 ./startup/startup_mkl25z4.o

.rel.dyn        0x00003a00        0x0
 .rel.iplt      0x00003a00        0x0 ./startup/startup_mkl25z4.o

.ARM.extab
 *(SORT_BY_ALIGNMENT(.ARM.extab*) SORT_BY_ALIGNMENT(.gnu.linkonce.armextab.*))
                0x00003a00                __exidx_start = .

.ARM.exidx
 *(SORT_BY_ALIGNMENT(.ARM.exidx*) SORT_BY_ALIGNMENT(.gnu.linkonce.armexidx.*))
                0x00003a00                __exidx_end = .
                0x00003a00                _etext = .

.m_usb_data
 *(SORT_BY_ALIGNMENT(m_usb_bdt))

.mtb_buffer_default
                0x1ffff000       0x80
 *(SORT_BY_ALIGNMENT(.mtb*))
 .mtb.$RAM1     0x1ffff000       0x80 ./source/mtb.o
                0x1ffff000                __mtb_buffer__

.uninit_RESERVED
                0x1ffff080        0x0
                0x1ffff080                . = ALIGN (0x4)
 *(SORT_BY_ALIGNMENT(.bss.$RESERVED*))
                0x1ffff080                . = ALIGN (0x4)
                0x1ffff080                _end_uninit_RESERVED = .

.data           0x1ffff080        0x4 load address 0x00003a00
 FILL mask 0xff
                0x1ffff080                _data = .
 *(SORT_BY_ALIGNMENT(vtable))
 *(SORT_BY_ALIGNMENT(.ramfunc*))
 *(SORT_BY_ALIGNMENT(CodeQuickAccess))
 *(SORT_BY_ALIGNMENT(DataQuickAccess))
 *(SORT_BY_ALIGNMENT(RamFunction))
 *(SORT_BY_ALIGNMENT(.data*))
 .data.SystemCoreClock
                0x1ffff080        0x4 ./CMSIS/system_MKL25Z4.o
                0x1ffff080                SystemCoreClock
                0x1ffff084                . = ALIGN (0x4)
                0x1ffff084                _edata = .

.igot.plt       0x1ffff084        0x0 load address 0x00003a04
 .igot.plt      0x1ffff084        0x0 ./startup/startup_mkl25z4.o

.bss            0x1ffff084      0x5f0 load address 0x00003a04
                0x1ffff084                . = ALIGN (0x4)
                0x1ffff084                _bss = .
 *(SORT_BY_ALIGNMENT(.bss*))
 .bss.char_array
                0x1ffff084       0x7e ./source/PES_Project_5.o
                0x1ffff084                char_array
 *fill*         0x1ffff102        0x2 
 .bss.deciseconds
                0x1ffff104        0x4 ./source/PES_Project_5.o
                0x1ffff104                deciseconds
 .bss.character_count
                0x1ffff108       0x7e ./source/count_characters.o
                0x1ffff108                character_count
 *fill*         0x1ffff186        0x2 
 .bss.report_format
                0x1ffff188      0x3e8 ./source/count_characters.o
                0x1ffff188                report_format
 .bss.ucunit_checks_failed
                0x1ffff570        0x4 ./source/test.o
 .bss.ucunit_checks_passed
                0x1ffff574        0x4 ./source/test.o
 .bss.ucunit_testcases_failed
                0x1ffff578        0x4 ./source/test.o
 .bss.ucunit_testcases_passed
                0x1ffff57c        0x4 ./source/test.o
 .bss.ucunit_testcases_failed_checks
                0x1ffff580        0x4 ./source/test.o
 .bss.ucunit_checklist_failed_checks
                0x1ffff584        0x4 ./source/test.o
 .bss.ucunit_action
                0x1ffff588        0x4 ./source/test.o
 .bss.TxBuffer  0x1ffff58c        0x4 ./source/uart.o
                0x1ffff58c                TxBuffer
 .bss.RxBuffer  0x1ffff590        0x4 ./source/uart.o
                0x1ffff590                RxBuffer
 .bss.g_xtal0Freq
                0x1ffff594        0x4 ./drivers/fsl_clock.o
                0x1ffff594                g_xtal0Freq
 .bss.s_lpsciHandle
                0x1ffff598        0x4 ./drivers/fsl_lpsci.o
 .bss.s_lpsciIsr
                0x1ffff59c        0x4 ./drivers/fsl_lpsci.o
 .bss.s_uartHandle
                0x1ffff5a0        0xc ./drivers/fsl_uart.o
 .bss.s_uartIsr
                0x1ffff5ac        0x4 ./drivers/fsl_uart.o
 .bss.__Ciob    0x1ffff5b0       0xb4 c:/users/akshh/documents/mcuxpressoide_11.0.1_2563/ide/plugins/com.nxp.mcuxpresso.tools.win32_11.0.1.201907311258/tools/bin/../lib/gcc/arm-none-eabi/8.2.1/../../../../arm-none-eabi/lib/thumb/v6-m/nofp\libcr_nohost_nf.a(__ciob.o)
                0x1ffff5b0                __Ciob
 .bss.__end_of_heap
                0x1ffff664        0x4 c:/users/akshh/documents/mcuxpressoide_11.0.1_2563/ide/plugins/com.nxp.mcuxpresso.tools.win32_11.0.1.201907311258/tools/bin/../lib/gcc/arm-none-eabi/8.2.1/../../../../arm-none-eabi/lib/thumb/v6-m/nofp\libcr_c.a(__init_alloc.o)
                0x1ffff664                __end_of_heap
 .bss.__heaps   0x1ffff668        0x4 c:/users/akshh/documents/mcuxpressoide_11.0.1_2563/ide/plugins/com.nxp.mcuxpresso.tools.win32_11.0.1.201907311258/tools/bin/../lib/gcc/arm-none-eabi/8.2.1/../../../../arm-none-eabi/lib/thumb/v6-m/nofp\libcr_c.a(__init_alloc.o)
                0x1ffff668                __heaps
 .bss.errno     0x1ffff66c        0x4 c:/users/akshh/documents/mcuxpressoide_11.0.1_2563/ide/plugins/com.nxp.mcuxpresso.tools.win32_11.0.1.201907311258/tools/bin/../lib/gcc/arm-none-eabi/8.2.1/../../../../arm-none-eabi/lib/thumb/v6-m/nofp\libcr_c.a(errno.o)
                0x1ffff66c                errno
 .bss.int_flag  0x1ffff670        0x1 ./source/PES_Project_5.o
                0x1ffff670                int_flag
 .bss.interrupt
                0x1ffff671        0x1 ./source/PES_Project_5.o
                0x1ffff671                interrupt
 *(SORT_BY_ALIGNMENT(COMMON))
                0x1ffff674                . = ALIGN (0x4)
 *fill*         0x1ffff672        0x2 
                0x1ffff674                _ebss = .
                [!provide]                PROVIDE (end = .)

.noinit         0x1ffff674        0x0 load address 0x00003a04
                0x1ffff674                . = ALIGN (0x4)
                0x1ffff674                _noinit = .
 *(SORT_BY_ALIGNMENT(.noinit*))
                0x1ffff674                . = ALIGN (0x4)
                0x1ffff674                _end_noinit = .
                0x00000400                _HeapSize = 0x400

.heap           0x1ffff674      0x400 load address 0x00003a04
                0x1ffff674                _pvHeapStart = .
                0x1ffffa74                . = (. + _HeapSize)
 *fill*         0x1ffff674      0x400 
                0x1ffffa74                . = ALIGN (0x4)
                0x1ffffa74                _pvHeapLimit = .
                0x00000400                _StackSize = 0x400

.heap2stackfill
                0x1ffffa74      0x400 load address 0x00003a04
                0x1ffffe74                . = (. + _StackSize)
 *fill*         0x1ffffa74      0x400 

.stack          0x20002c00        0x0
                0x20002c00                _vStackBase = .
                0x20002c00                . = ALIGN (0x4)
                0x20003000                _vStackTop = (. + _StackSize)
                0x00000000                _image_start = LOADADDR (.text)
                0x00003a04                _image_end = (LOADADDR (.data) + SIZEOF (.data))
                0x00003a04                _image_size = (_image_end - _image_start)
OUTPUT(PES_Project_5.axf elf32-littlearm)

.debug_info     0x00000000     0x8c0c
 .debug_info    0x00000000      0x4df ./startup/startup_mkl25z4.o
 .debug_info    0x000004df      0xbb8 ./source/PES_Project_5.o
 .debug_info    0x00001097      0x25e ./source/System.o
 .debug_info    0x000012f5      0x3a2 ./source/circularbuffer.o
 .debug_info    0x00001697      0x28f ./source/count_characters.o
 .debug_info    0x00001926      0x4bb ./source/logger.o
 .debug_info    0x00001de1       0x53 ./source/mtb.o
 .debug_info    0x00001e34      0x5cc ./source/rtc.o
 .debug_info    0x00002400       0x3c ./source/semihost_hardfault.o
 .debug_info    0x0000243c      0x6d9 ./source/test.o
 .debug_info    0x00002b15      0x197 ./source/timestamp.o
 .debug_info    0x00002cac      0x73e ./source/uart.o
 .debug_info    0x000033ea     0x1a97 ./drivers/fsl_clock.o
 .debug_info    0x00004e81     0x1469 ./drivers/fsl_lpsci.o
 .debug_info    0x000062ea     0x140a ./drivers/fsl_uart.o
 .debug_info    0x000076f4      0xb00 ./board/clock_config.o
 .debug_info    0x000081f4       0x3c ./board/peripherals.o
 .debug_info    0x00008230      0x5a3 ./board/pin_mux.o
 .debug_info    0x000087d3      0x439 ./CMSIS/system_MKL25Z4.o

.debug_abbrev   0x00000000     0x1fb5
 .debug_abbrev  0x00000000      0x18d ./startup/startup_mkl25z4.o
 .debug_abbrev  0x0000018d      0x254 ./source/PES_Project_5.o
 .debug_abbrev  0x000003e1      0x10c ./source/System.o
 .debug_abbrev  0x000004ed      0x163 ./source/circularbuffer.o
 .debug_abbrev  0x00000650      0x128 ./source/count_characters.o
 .debug_abbrev  0x00000778      0x1bf ./source/logger.o
 .debug_abbrev  0x00000937       0x46 ./source/mtb.o
 .debug_abbrev  0x0000097d      0x242 ./source/rtc.o
 .debug_abbrev  0x00000bbf       0x31 ./source/semihost_hardfault.o
 .debug_abbrev  0x00000bf0      0x195 ./source/test.o
 .debug_abbrev  0x00000d85       0xe9 ./source/timestamp.o
 .debug_abbrev  0x00000e6e      0x24a ./source/uart.o
 .debug_abbrev  0x000010b8      0x36f ./drivers/fsl_clock.o
 .debug_abbrev  0x00001427      0x309 ./drivers/fsl_lpsci.o
 .debug_abbrev  0x00001730      0x323 ./drivers/fsl_uart.o
 .debug_abbrev  0x00001a53      0x220 ./board/clock_config.o
 .debug_abbrev  0x00001c73       0x31 ./board/peripherals.o
 .debug_abbrev  0x00001ca4      0x1bb ./board/pin_mux.o
 .debug_abbrev  0x00001e5f      0x156 ./CMSIS/system_MKL25Z4.o

.debug_aranges  0x00000000      0x910
 .debug_aranges
                0x00000000      0x160 ./startup/startup_mkl25z4.o
 .debug_aranges
                0x00000160       0x38 ./source/PES_Project_5.o
 .debug_aranges
                0x00000198       0x50 ./source/System.o
 .debug_aranges
                0x000001e8       0x70 ./source/circularbuffer.o
 .debug_aranges
                0x00000258       0x28 ./source/count_characters.o
 .debug_aranges
                0x00000280       0x48 ./source/logger.o
 .debug_aranges
                0x000002c8       0x18 ./source/mtb.o
 .debug_aranges
                0x000002e0       0x50 ./source/rtc.o
 .debug_aranges
                0x00000330       0x20 ./source/semihost_hardfault.o
 .debug_aranges
                0x00000350       0x20 ./source/test.o
 .debug_aranges
                0x00000370       0x28 ./source/timestamp.o
 .debug_aranges
                0x00000398       0x80 ./source/uart.o
 .debug_aranges
                0x00000418      0x1d8 ./drivers/fsl_clock.o
 .debug_aranges
                0x000005f0      0x118 ./drivers/fsl_lpsci.o
 .debug_aranges
                0x00000708      0x130 ./drivers/fsl_uart.o
 .debug_aranges
                0x00000838       0x58 ./board/clock_config.o
 .debug_aranges
                0x00000890       0x20 ./board/peripherals.o
 .debug_aranges
                0x000008b0       0x38 ./board/pin_mux.o
 .debug_aranges
                0x000008e8       0x28 ./CMSIS/system_MKL25Z4.o

.debug_ranges   0x00000000      0x7d8
 .debug_ranges  0x00000000      0x150 ./startup/startup_mkl25z4.o
 .debug_ranges  0x00000150       0x28 ./source/PES_Project_5.o
 .debug_ranges  0x00000178       0x40 ./source/System.o
 .debug_ranges  0x000001b8       0x60 ./source/circularbuffer.o
 .debug_ranges  0x00000218       0x18 ./source/count_characters.o
 .debug_ranges  0x00000230       0x38 ./source/logger.o
 .debug_ranges  0x00000268       0x40 ./source/rtc.o
 .debug_ranges  0x000002a8       0x10 ./source/semihost_hardfault.o
 .debug_ranges  0x000002b8       0x10 ./source/test.o
 .debug_ranges  0x000002c8       0x18 ./source/timestamp.o
 .debug_ranges  0x000002e0       0x70 ./source/uart.o
 .debug_ranges  0x00000350      0x1c8 ./drivers/fsl_clock.o
 .debug_ranges  0x00000518      0x108 ./drivers/fsl_lpsci.o
 .debug_ranges  0x00000620      0x120 ./drivers/fsl_uart.o
 .debug_ranges  0x00000740       0x48 ./board/clock_config.o
 .debug_ranges  0x00000788       0x10 ./board/peripherals.o
 .debug_ranges  0x00000798       0x28 ./board/pin_mux.o
 .debug_ranges  0x000007c0       0x18 ./CMSIS/system_MKL25Z4.o

.debug_macro    0x00000000     0x8fe7
 .debug_macro   0x00000000       0x29 ./startup/startup_mkl25z4.o
 .debug_macro   0x00000029      0xaae ./startup/startup_mkl25z4.o
 .debug_macro   0x00000ad7      0x1ac ./source/PES_Project_5.o
 .debug_macro   0x00000c83       0x10 ./source/PES_Project_5.o
 .debug_macro   0x00000c93      0x12e ./source/PES_Project_5.o
 .debug_macro   0x00000dc1       0xd8 ./source/PES_Project_5.o
 .debug_macro   0x00000e99       0x16 ./source/PES_Project_5.o
 .debug_macro   0x00000eaf       0x22 ./source/PES_Project_5.o
 .debug_macro   0x00000ed1      0x5b3 ./source/PES_Project_5.o
 .debug_macro   0x00001484       0x10 ./source/PES_Project_5.o
 .debug_macro   0x00001494       0x3f ./source/PES_Project_5.o
 .debug_macro   0x000014d3       0x3a ./source/PES_Project_5.o
 .debug_macro   0x0000150d       0x26 ./source/PES_Project_5.o
 .debug_macro   0x00001533      0x329 ./source/PES_Project_5.o
 .debug_macro   0x0000185c       0x30 ./source/PES_Project_5.o
 .debug_macro   0x0000188c     0x51e2 ./source/PES_Project_5.o
 .debug_macro   0x00006a6e     0x1352 ./source/PES_Project_5.o
 .debug_macro   0x00007dc0       0x3a ./source/PES_Project_5.o
 .debug_macro   0x00007dfa       0xf4 ./source/PES_Project_5.o
 .debug_macro   0x00007eee       0x35 ./source/PES_Project_5.o
 .debug_macro   0x00007f23       0x16 ./source/PES_Project_5.o
 .debug_macro   0x00007f39       0x10 ./source/PES_Project_5.o
 .debug_macro   0x00007f49      0x112 ./source/PES_Project_5.o
 .debug_macro   0x0000805b       0x10 ./source/PES_Project_5.o
 .debug_macro   0x0000806b       0x1c ./source/PES_Project_5.o
 .debug_macro   0x00008087       0x28 ./source/PES_Project_5.o
 .debug_macro   0x000080af      0x10a ./source/PES_Project_5.o
 .debug_macro   0x000081b9       0x59 ./source/System.o
 .debug_macro   0x00008212       0x22 ./source/System.o
 .debug_macro   0x00008234       0x62 ./source/circularbuffer.o
 .debug_macro   0x00008296       0x28 ./source/circularbuffer.o
 .debug_macro   0x000082be       0xfc ./source/count_characters.o
 .debug_macro   0x000083ba       0xf1 ./source/logger.o
 .debug_macro   0x000084ab       0x2f ./source/mtb.o
 .debug_macro   0x000084da       0x82 ./source/mtb.o
 .debug_macro   0x0000855c       0x10 ./source/mtb.o
 .debug_macro   0x0000856c       0xef ./source/rtc.o
 .debug_macro   0x0000865b       0x1c ./source/rtc.o
 .debug_macro   0x00008677       0x10 ./source/rtc.o
 .debug_macro   0x00008687       0x11 ./source/semihost_hardfault.o
 .debug_macro   0x00008698      0x17b ./source/test.o
 .debug_macro   0x00008813       0x2e ./source/test.o
 .debug_macro   0x00008841       0x8c ./source/timestamp.o
 .debug_macro   0x000088cd       0xbd ./source/uart.o
 .debug_macro   0x0000898a      0x196 ./drivers/fsl_clock.o
 .debug_macro   0x00008b20       0xec ./drivers/fsl_lpsci.o
 .debug_macro   0x00008c0c       0xf2 ./drivers/fsl_uart.o
 .debug_macro   0x00008cfe      0x123 ./board/clock_config.o
 .debug_macro   0x00008e21       0x1b ./board/peripherals.o
 .debug_macro   0x00008e3c      0x107 ./board/pin_mux.o
 .debug_macro   0x00008f43       0x10 ./board/pin_mux.o
 .debug_macro   0x00008f53       0x94 ./CMSIS/system_MKL25Z4.o

.debug_line     0x00000000     0x5ad3
 .debug_line    0x00000000      0x1e7 ./startup/startup_mkl25z4.o
 .debug_line    0x000001e7      0x488 ./source/PES_Project_5.o
 .debug_line    0x0000066f      0x24a ./source/System.o
 .debug_line    0x000008b9      0x3e7 ./source/circularbuffer.o
 .debug_line    0x00000ca0      0x315 ./source/count_characters.o
 .debug_line    0x00000fb5      0x32e ./source/logger.o
 .debug_line    0x000012e3       0xe3 ./source/mtb.o
 .debug_line    0x000013c6      0x36b ./source/rtc.o
 .debug_line    0x00001731       0x5a ./source/semihost_hardfault.o
 .debug_line    0x0000178b      0x48f ./source/test.o
 .debug_line    0x00001c1a      0x255 ./source/timestamp.o
 .debug_line    0x00001e6f      0x480 ./source/uart.o
 .debug_line    0x000022ef     0x12d5 ./drivers/fsl_clock.o
 .debug_line    0x000035c4      0xd56 ./drivers/fsl_lpsci.o
 .debug_line    0x0000431a      0xd45 ./drivers/fsl_uart.o
 .debug_line    0x0000505f      0x397 ./board/clock_config.o
 .debug_line    0x000053f6       0x5c ./board/peripherals.o
 .debug_line    0x00005452      0x31e ./board/pin_mux.o
 .debug_line    0x00005770      0x363 ./CMSIS/system_MKL25Z4.o

.debug_str      0x00000000    0x36ecd
 .debug_str     0x00000000     0x3185 ./startup/startup_mkl25z4.o
                               0x31dc (size before relaxing)
 .debug_str     0x00003185    0x3009e ./source/PES_Project_5.o
                              0x330a9 (size before relaxing)
 .debug_str     0x00033223       0x7e ./source/System.o
                               0x37d8 (size before relaxing)
 .debug_str     0x000332a1      0x1db ./source/circularbuffer.o
                               0x478a (size before relaxing)
 .debug_str     0x0003347c       0x5f ./source/count_characters.o
                              0x2931f (size before relaxing)
 .debug_str     0x000334db      0x16c ./source/logger.o
                              0x29473 (size before relaxing)
 .debug_str     0x00033647      0x532 ./source/mtb.o
                               0x32e8 (size before relaxing)
 .debug_str     0x00033b79      0x229 ./source/rtc.o
                              0x309a0 (size before relaxing)
 .debug_str     0x00033da2       0x1f ./source/semihost_hardfault.o
                               0x2dd5 (size before relaxing)
 .debug_str     0x00033dc1       0x2d ./source/test.o
                              0x32958 (size before relaxing)
 .debug_str     0x00033dee       0x32 ./source/timestamp.o
                              0x28de5 (size before relaxing)
 .debug_str     0x00033e20      0x202 ./source/uart.o
                              0x291bd (size before relaxing)
 .debug_str     0x00034022     0x1571 ./drivers/fsl_clock.o
                              0x322e3 (size before relaxing)
 .debug_str     0x00035593      0xa9c ./drivers/fsl_lpsci.o
                              0x318eb (size before relaxing)
 .debug_str     0x0003602f      0x93d ./drivers/fsl_uart.o
                              0x3190e (size before relaxing)
 .debug_str     0x0003696c      0x300 ./board/clock_config.o
                              0x31211 (size before relaxing)
 .debug_str     0x00036c6c       0x31 ./board/peripherals.o
                               0x2de6 (size before relaxing)
 .debug_str     0x00036c9d      0x1e1 ./board/pin_mux.o
                              0x30974 (size before relaxing)
 .debug_str     0x00036e7e       0x4f ./CMSIS/system_MKL25Z4.o
                              0x2fc4d (size before relaxing)

.comment        0x00000000       0x75
 .comment       0x00000000       0x75 ./startup/startup_mkl25z4.o
                                 0x76 (size before relaxing)
 .comment       0x00000075       0x76 ./source/PES_Project_5.o
 .comment       0x00000075       0x76 ./source/System.o
 .comment       0x00000075       0x76 ./source/circularbuffer.o
 .comment       0x00000075       0x76 ./source/count_characters.o
 .comment       0x00000075       0x76 ./source/logger.o
 .comment       0x00000075       0x76 ./source/mtb.o
 .comment       0x00000075       0x76 ./source/rtc.o
 .comment       0x00000075       0x76 ./source/semihost_hardfault.o
 .comment       0x00000075       0x76 ./source/test.o
 .comment       0x00000075       0x76 ./source/timestamp.o
 .comment       0x00000075       0x76 ./source/uart.o
 .comment       0x00000075       0x76 ./drivers/fsl_clock.o
 .comment       0x00000075       0x76 ./drivers/fsl_lpsci.o
 .comment       0x00000075       0x76 ./drivers/fsl_uart.o
 .comment       0x00000075       0x76 ./board/clock_config.o
 .comment       0x00000075       0x76 ./board/peripherals.o
 .comment       0x00000075       0x76 ./board/pin_mux.o
 .comment       0x00000075       0x76 ./CMSIS/system_MKL25Z4.o
 .comment       0x00000075       0x76 c:/users/akshh/documents/mcuxpressoide_11.0.1_2563/ide/plugins/com.nxp.mcuxpresso.tools.win32_11.0.1.201907311258/tools/bin/../lib/gcc/arm-none-eabi/8.2.1/../../../../arm-none-eabi/lib/thumb/v6-m/nofp\libcr_nohost_nf.a(_cr__main.o)
 .comment       0x00000075       0x76 c:/users/akshh/documents/mcuxpressoide_11.0.1_2563/ide/plugins/com.nxp.mcuxpresso.tools.win32_11.0.1.201907311258/tools/bin/../lib/gcc/arm-none-eabi/8.2.1/../../../../arm-none-eabi/lib/thumb/v6-m/nofp\libcr_nohost_nf.a(_cr_assert.o)
 .comment       0x00000075       0x76 c:/users/akshh/documents/mcuxpressoide_11.0.1_2563/ide/plugins/com.nxp.mcuxpresso.tools.win32_11.0.1.201907311258/tools/bin/../lib/gcc/arm-none-eabi/8.2.1/../../../../arm-none-eabi/lib/thumb/v6-m/nofp\libcr_nohost_nf.a(__ciob.o)
 .comment       0x00000075       0x76 c:/users/akshh/documents/mcuxpressoide_11.0.1_2563/ide/plugins/com.nxp.mcuxpresso.tools.win32_11.0.1.201907311258/tools/bin/../lib/gcc/arm-none-eabi/8.2.1/../../../../arm-none-eabi/lib/thumb/v6-m/nofp\libcr_nohost_nf.a(__sys_appexit.o)
 .comment       0x00000075       0x76 c:/users/akshh/documents/mcuxpressoide_11.0.1_2563/ide/plugins/com.nxp.mcuxpresso.tools.win32_11.0.1.201907311258/tools/bin/../lib/gcc/arm-none-eabi/8.2.1/../../../../arm-none-eabi/lib/thumb/v6-m/nofp\libcr_c.a(memset.o)
 .comment       0x00000075       0x76 c:/users/akshh/documents/mcuxpressoide_11.0.1_2563/ide/plugins/com.nxp.mcuxpresso.tools.win32_11.0.1.201907311258/tools/bin/../lib/gcc/arm-none-eabi/8.2.1/../../../../arm-none-eabi/lib/thumb/v6-m/nofp\libcr_c.a(_deferredlazyseek.o)
 .comment       0x00000075       0x76 c:/users/akshh/documents/mcuxpressoide_11.0.1_2563/ide/plugins/com.nxp.mcuxpresso.tools.win32_11.0.1.201907311258/tools/bin/../lib/gcc/arm-none-eabi/8.2.1/../../../../arm-none-eabi/lib/thumb/v6-m/nofp\libcr_c.a(_fflush.o)
 .comment       0x00000075       0x76 c:/users/akshh/documents/mcuxpressoide_11.0.1_2563/ide/plugins/com.nxp.mcuxpresso.tools.win32_11.0.1.201907311258/tools/bin/../lib/gcc/arm-none-eabi/8.2.1/../../../../arm-none-eabi/lib/thumb/v6-m/nofp\libcr_c.a(_writebuf.o)
 .comment       0x00000075       0x76 c:/users/akshh/documents/mcuxpressoide_11.0.1_2563/ide/plugins/com.nxp.mcuxpresso.tools.win32_11.0.1.201907311258/tools/bin/../lib/gcc/arm-none-eabi/8.2.1/../../../../arm-none-eabi/lib/thumb/v6-m/nofp\libcr_c.a(alloc.o)
 .comment       0x00000075       0x76 c:/users/akshh/documents/mcuxpressoide_11.0.1_2563/ide/plugins/com.nxp.mcuxpresso.tools.win32_11.0.1.201907311258/tools/bin/../lib/gcc/arm-none-eabi/8.2.1/../../../../arm-none-eabi/lib/thumb/v6-m/nofp\libcr_c.a(fputs.o)
 .comment       0x00000075       0x76 c:/users/akshh/documents/mcuxpressoide_11.0.1_2563/ide/plugins/com.nxp.mcuxpresso.tools.win32_11.0.1.201907311258/tools/bin/../lib/gcc/arm-none-eabi/8.2.1/../../../../arm-none-eabi/lib/thumb/v6-m/nofp\libcr_c.a(fseek.o)
 .comment       0x00000075       0x76 c:/users/akshh/documents/mcuxpressoide_11.0.1_2563/ide/plugins/com.nxp.mcuxpresso.tools.win32_11.0.1.201907311258/tools/bin/../lib/gcc/arm-none-eabi/8.2.1/../../../../arm-none-eabi/lib/thumb/v6-m/nofp\libcr_c.a(ftell.o)
 .comment       0x00000075       0x76 c:/users/akshh/documents/mcuxpressoide_11.0.1_2563/ide/plugins/com.nxp.mcuxpresso.tools.win32_11.0.1.201907311258/tools/bin/../lib/gcc/arm-none-eabi/8.2.1/../../../../arm-none-eabi/lib/thumb/v6-m/nofp\libcr_c.a(initio.o)
 .comment       0x00000075       0x76 c:/users/akshh/documents/mcuxpressoide_11.0.1_2563/ide/plugins/com.nxp.mcuxpresso.tools.win32_11.0.1.201907311258/tools/bin/../lib/gcc/arm-none-eabi/8.2.1/../../../../arm-none-eabi/lib/thumb/v6-m/nofp\libcr_c.a(printf.o)
 .comment       0x00000075       0x76 c:/users/akshh/documents/mcuxpressoide_11.0.1_2563/ide/plugins/com.nxp.mcuxpresso.tools.win32_11.0.1.201907311258/tools/bin/../lib/gcc/arm-none-eabi/8.2.1/../../../../arm-none-eabi/lib/thumb/v6-m/nofp\libcr_c.a(setvbuf.o)
 .comment       0x00000075       0x76 c:/users/akshh/documents/mcuxpressoide_11.0.1_2563/ide/plugins/com.nxp.mcuxpresso.tools.win32_11.0.1.201907311258/tools/bin/../lib/gcc/arm-none-eabi/8.2.1/../../../../arm-none-eabi/lib/thumb/v6-m/nofp\libcr_c.a(strlen.o)
 .comment       0x00000075       0x76 c:/users/akshh/documents/mcuxpressoide_11.0.1_2563/ide/plugins/com.nxp.mcuxpresso.tools.win32_11.0.1.201907311258/tools/bin/../lib/gcc/arm-none-eabi/8.2.1/../../../../arm-none-eabi/lib/thumb/v6-m/nofp\libcr_c.a(__init_alloc.o)
 .comment       0x00000075       0x76 c:/users/akshh/documents/mcuxpressoide_11.0.1_2563/ide/plugins/com.nxp.mcuxpresso.tools.win32_11.0.1.201907311258/tools/bin/../lib/gcc/arm-none-eabi/8.2.1/../../../../arm-none-eabi/lib/thumb/v6-m/nofp\libcr_c.a(_cr_sbrk.o)
 .comment       0x00000075       0x76 c:/users/akshh/documents/mcuxpressoide_11.0.1_2563/ide/plugins/com.nxp.mcuxpresso.tools.win32_11.0.1.201907311258/tools/bin/../lib/gcc/arm-none-eabi/8.2.1/../../../../arm-none-eabi/lib/thumb/v6-m/nofp\libcr_c.a(_fdopen.o)
 .comment       0x00000075       0x76 c:/users/akshh/documents/mcuxpressoide_11.0.1_2563/ide/plugins/com.nxp.mcuxpresso.tools.win32_11.0.1.201907311258/tools/bin/../lib/gcc/arm-none-eabi/8.2.1/../../../../arm-none-eabi/lib/thumb/v6-m/nofp\libcr_c.a(errno.o)
 .comment       0x00000075       0x76 c:/users/akshh/documents/mcuxpressoide_11.0.1_2563/ide/plugins/com.nxp.mcuxpresso.tools.win32_11.0.1.201907311258/tools/bin/../lib/gcc/arm-none-eabi/8.2.1/../../../../arm-none-eabi/lib/thumb/v6-m/nofp\libcr_c.a(fclose.o)
 .comment       0x00000075       0x76 c:/users/akshh/documents/mcuxpressoide_11.0.1_2563/ide/plugins/com.nxp.mcuxpresso.tools.win32_11.0.1.201907311258/tools/bin/../lib/gcc/arm-none-eabi/8.2.1/../../../../arm-none-eabi/lib/thumb/v6-m/nofp\libcr_c.a(fflush.o)
 .comment       0x00000075       0x76 c:/users/akshh/documents/mcuxpressoide_11.0.1_2563/ide/plugins/com.nxp.mcuxpresso.tools.win32_11.0.1.201907311258/tools/bin/../lib/gcc/arm-none-eabi/8.2.1/../../../../arm-none-eabi/lib/thumb/v6-m/nofp\libcr_c.a(remove.o)
 .comment       0x00000075       0x76 c:/users/akshh/documents/mcuxpressoide_11.0.1_2563/ide/plugins/com.nxp.mcuxpresso.tools.win32_11.0.1.201907311258/tools/bin/../lib/gcc/arm-none-eabi/8.2.1/../../../../arm-none-eabi/lib/thumb/v6-m/nofp\libcr_c.a(_cr_check_heap.o)
 .comment       0x00000075       0x76 c:/users/akshh/documents/mcuxpressoide_11.0.1_2563/ide/plugins/com.nxp.mcuxpresso.tools.win32_11.0.1.201907311258/tools/bin/../lib/gcc/arm-none-eabi/8.2.1/../../../../arm-none-eabi/lib/thumb/v6-m/nofp\libcr_c.a(_do_fflush.o)
 .comment       0x00000075       0x76 c:/users/akshh/documents/mcuxpressoide_11.0.1_2563/ide/plugins/com.nxp.mcuxpresso.tools.win32_11.0.1.201907311258/tools/bin/../lib/gcc/arm-none-eabi/8.2.1/thumb/v6-m/nofp\libcr_eabihelpers.a(double.o)
 .comment       0x00000075       0x76 c:/users/akshh/documents/mcuxpressoide_11.0.1_2563/ide/plugins/com.nxp.mcuxpresso.tools.win32_11.0.1.201907311258/tools/bin/../lib/gcc/arm-none-eabi/8.2.1/../../../../arm-none-eabi/lib/thumb/v6-m/nofp\libcr_nohost_nf.a(__sys_close.o)
 .comment       0x00000075       0x76 c:/users/akshh/documents/mcuxpressoide_11.0.1_2563/ide/plugins/com.nxp.mcuxpresso.tools.win32_11.0.1.201907311258/tools/bin/../lib/gcc/arm-none-eabi/8.2.1/../../../../arm-none-eabi/lib/thumb/v6-m/nofp\libcr_nohost_nf.a(__sys_flen.o)
 .comment       0x00000075       0x76 c:/users/akshh/documents/mcuxpressoide_11.0.1_2563/ide/plugins/com.nxp.mcuxpresso.tools.win32_11.0.1.201907311258/tools/bin/../lib/gcc/arm-none-eabi/8.2.1/../../../../arm-none-eabi/lib/thumb/v6-m/nofp\libcr_nohost_nf.a(__sys_istty.o)
 .comment       0x00000075       0x76 c:/users/akshh/documents/mcuxpressoide_11.0.1_2563/ide/plugins/com.nxp.mcuxpresso.tools.win32_11.0.1.201907311258/tools/bin/../lib/gcc/arm-none-eabi/8.2.1/../../../../arm-none-eabi/lib/thumb/v6-m/nofp\libcr_nohost_nf.a(__sys_remove.o)
 .comment       0x00000075       0x76 c:/users/akshh/documents/mcuxpressoide_11.0.1_2563/ide/plugins/com.nxp.mcuxpresso.tools.win32_11.0.1.201907311258/tools/bin/../lib/gcc/arm-none-eabi/8.2.1/../../../../arm-none-eabi/lib/thumb/v6-m/nofp\libcr_nohost_nf.a(__sys_seek.o)
 .comment       0x00000075       0x76 c:/users/akshh/documents/mcuxpressoide_11.0.1_2563/ide/plugins/com.nxp.mcuxpresso.tools.win32_11.0.1.201907311258/tools/bin/../lib/gcc/arm-none-eabi/8.2.1/../../../../arm-none-eabi/lib/thumb/v6-m/nofp\libcr_nohost_nf.a(__sys_tmpnam.o)
 .comment       0x00000075       0x76 c:/users/akshh/documents/mcuxpressoide_11.0.1_2563/ide/plugins/com.nxp.mcuxpresso.tools.win32_11.0.1.201907311258/tools/bin/../lib/gcc/arm-none-eabi/8.2.1/../../../../arm-none-eabi/lib/thumb/v6-m/nofp\libcr_nohost_nf.a(__sys_write.o)

.ARM.attributes
                0x00000000       0x2a
 .ARM.attributes
                0x00000000       0x2c ./startup/startup_mkl25z4.o
 .ARM.attributes
                0x0000002c       0x2c ./source/PES_Project_5.o
 .ARM.attributes
                0x00000058       0x2c ./source/System.o
 .ARM.attributes
                0x00000084       0x2c ./source/circularbuffer.o
 .ARM.attributes
                0x000000b0       0x2c ./source/count_characters.o
 .ARM.attributes
                0x000000dc       0x2c ./source/logger.o
 .ARM.attributes
                0x00000108       0x32 ./source/mtb.o
 .ARM.attributes
                0x0000013a       0x2c ./source/rtc.o
 .ARM.attributes
                0x00000166       0x2c ./source/semihost_hardfault.o
 .ARM.attributes
                0x00000192       0x2c ./source/test.o
 .ARM.attributes
                0x000001be       0x2c ./source/timestamp.o
 .ARM.attributes
                0x000001ea       0x2c ./source/uart.o
 .ARM.attributes
                0x00000216       0x2c ./drivers/fsl_clock.o
 .ARM.attributes
                0x00000242       0x2c ./drivers/fsl_lpsci.o
 .ARM.attributes
                0x0000026e       0x2c ./drivers/fsl_uart.o
 .ARM.attributes
                0x0000029a       0x2c ./board/clock_config.o
 .ARM.attributes
                0x000002c6       0x2c ./board/peripherals.o
 .ARM.attributes
                0x000002f2       0x2c ./board/pin_mux.o
 .ARM.attributes
                0x0000031e       0x2c ./CMSIS/system_MKL25Z4.o
 .ARM.attributes
                0x0000034a       0x2c c:/users/akshh/documents/mcuxpressoide_11.0.1_2563/ide/plugins/com.nxp.mcuxpresso.tools.win32_11.0.1.201907311258/tools/bin/../lib/gcc/arm-none-eabi/8.2.1/../../../../arm-none-eabi/lib/thumb/v6-m/nofp\libcr_nohost_nf.a(_cr__main.o)
 .ARM.attributes
                0x00000376       0x2c c:/users/akshh/documents/mcuxpressoide_11.0.1_2563/ide/plugins/com.nxp.mcuxpresso.tools.win32_11.0.1.201907311258/tools/bin/../lib/gcc/arm-none-eabi/8.2.1/../../../../arm-none-eabi/lib/thumb/v6-m/nofp\libcr_nohost_nf.a(_cr_assert.o)
 .ARM.attributes
                0x000003a2       0x31 c:/users/akshh/documents/mcuxpressoide_11.0.1_2563/ide/plugins/com.nxp.mcuxpresso.tools.win32_11.0.1.201907311258/tools/bin/../lib/gcc/arm-none-eabi/8.2.1/../../../../arm-none-eabi/lib/thumb/v6-m/nofp\libcr_nohost_nf.a(__ciob.o)
 .ARM.attributes
                0x000003d3       0x2c c:/users/akshh/documents/mcuxpressoide_11.0.1_2563/ide/plugins/com.nxp.mcuxpresso.tools.win32_11.0.1.201907311258/tools/bin/../lib/gcc/arm-none-eabi/8.2.1/../../../../arm-none-eabi/lib/thumb/v6-m/nofp\libcr_nohost_nf.a(__sys_appexit.o)
 .ARM.attributes
                0x000003ff       0x2c c:/users/akshh/documents/mcuxpressoide_11.0.1_2563/ide/plugins/com.nxp.mcuxpresso.tools.win32_11.0.1.201907311258/tools/bin/../lib/gcc/arm-none-eabi/8.2.1/../../../../arm-none-eabi/lib/thumb/v6-m/nofp\libcr_c.a(memset.o)
 .ARM.attributes
                0x0000042b       0x2c c:/users/akshh/documents/mcuxpressoide_11.0.1_2563/ide/plugins/com.nxp.mcuxpresso.tools.win32_11.0.1.201907311258/tools/bin/../lib/gcc/arm-none-eabi/8.2.1/../../../../arm-none-eabi/lib/thumb/v6-m/nofp\libcr_c.a(_deferredlazyseek.o)
 .ARM.attributes
                0x00000457       0x2c c:/users/akshh/documents/mcuxpressoide_11.0.1_2563/ide/plugins/com.nxp.mcuxpresso.tools.win32_11.0.1.201907311258/tools/bin/../lib/gcc/arm-none-eabi/8.2.1/../../../../arm-none-eabi/lib/thumb/v6-m/nofp\libcr_c.a(_fflush.o)
 .ARM.attributes
                0x00000483       0x2c c:/users/akshh/documents/mcuxpressoide_11.0.1_2563/ide/plugins/com.nxp.mcuxpresso.tools.win32_11.0.1.201907311258/tools/bin/../lib/gcc/arm-none-eabi/8.2.1/../../../../arm-none-eabi/lib/thumb/v6-m/nofp\libcr_c.a(_writebuf.o)
 .ARM.attributes
                0x000004af       0x2c c:/users/akshh/documents/mcuxpressoide_11.0.1_2563/ide/plugins/com.nxp.mcuxpresso.tools.win32_11.0.1.201907311258/tools/bin/../lib/gcc/arm-none-eabi/8.2.1/../../../../arm-none-eabi/lib/thumb/v6-m/nofp\libcr_c.a(alloc.o)
 .ARM.attributes
                0x000004db       0x2c c:/users/akshh/documents/mcuxpressoide_11.0.1_2563/ide/plugins/com.nxp.mcuxpresso.tools.win32_11.0.1.201907311258/tools/bin/../lib/gcc/arm-none-eabi/8.2.1/../../../../arm-none-eabi/lib/thumb/v6-m/nofp\libcr_c.a(fputs.o)
 .ARM.attributes
                0x00000507       0x2c c:/users/akshh/documents/mcuxpressoide_11.0.1_2563/ide/plugins/com.nxp.mcuxpresso.tools.win32_11.0.1.201907311258/tools/bin/../lib/gcc/arm-none-eabi/8.2.1/../../../../arm-none-eabi/lib/thumb/v6-m/nofp\libcr_c.a(fseek.o)
 .ARM.attributes
                0x00000533       0x2c c:/users/akshh/documents/mcuxpressoide_11.0.1_2563/ide/plugins/com.nxp.mcuxpresso.tools.win32_11.0.1.201907311258/tools/bin/../lib/gcc/arm-none-eabi/8.2.1/../../../../arm-none-eabi/lib/thumb/v6-m/nofp\libcr_c.a(ftell.o)
 .ARM.attributes
                0x0000055f       0x2c c:/users/akshh/documents/mcuxpressoide_11.0.1_2563/ide/plugins/com.nxp.mcuxpresso.tools.win32_11.0.1.201907311258/tools/bin/../lib/gcc/arm-none-eabi/8.2.1/../../../../arm-none-eabi/lib/thumb/v6-m/nofp\libcr_c.a(initio.o)
 .ARM.attributes
                0x0000058b       0x2c c:/users/akshh/documents/mcuxpressoide_11.0.1_2563/ide/plugins/com.nxp.mcuxpresso.tools.win32_11.0.1.201907311258/tools/bin/../lib/gcc/arm-none-eabi/8.2.1/../../../../arm-none-eabi/lib/thumb/v6-m/nofp\libcr_c.a(printf.o)
 .ARM.attributes
                0x000005b7       0x2c c:/users/akshh/documents/mcuxpressoide_11.0.1_2563/ide/plugins/com.nxp.mcuxpresso.tools.win32_11.0.1.201907311258/tools/bin/../lib/gcc/arm-none-eabi/8.2.1/../../../../arm-none-eabi/lib/thumb/v6-m/nofp\libcr_c.a(setvbuf.o)
 .ARM.attributes
                0x000005e3       0x2c c:/users/akshh/documents/mcuxpressoide_11.0.1_2563/ide/plugins/com.nxp.mcuxpresso.tools.win32_11.0.1.201907311258/tools/bin/../lib/gcc/arm-none-eabi/8.2.1/../../../../arm-none-eabi/lib/thumb/v6-m/nofp\libcr_c.a(strlen.o)
 .ARM.attributes
                0x0000060f       0x2c c:/users/akshh/documents/mcuxpressoide_11.0.1_2563/ide/plugins/com.nxp.mcuxpresso.tools.win32_11.0.1.201907311258/tools/bin/../lib/gcc/arm-none-eabi/8.2.1/../../../../arm-none-eabi/lib/thumb/v6-m/nofp\libcr_c.a(__init_alloc.o)
 .ARM.attributes
                0x0000063b       0x2c c:/users/akshh/documents/mcuxpressoide_11.0.1_2563/ide/plugins/com.nxp.mcuxpresso.tools.win32_11.0.1.201907311258/tools/bin/../lib/gcc/arm-none-eabi/8.2.1/../../../../arm-none-eabi/lib/thumb/v6-m/nofp\libcr_c.a(_cr_sbrk.o)
 .ARM.attributes
                0x00000667       0x2c c:/users/akshh/documents/mcuxpressoide_11.0.1_2563/ide/plugins/com.nxp.mcuxpresso.tools.win32_11.0.1.201907311258/tools/bin/../lib/gcc/arm-none-eabi/8.2.1/../../../../arm-none-eabi/lib/thumb/v6-m/nofp\libcr_c.a(_fdopen.o)
 .ARM.attributes
                0x00000693       0x31 c:/users/akshh/documents/mcuxpressoide_11.0.1_2563/ide/plugins/com.nxp.mcuxpresso.tools.win32_11.0.1.201907311258/tools/bin/../lib/gcc/arm-none-eabi/8.2.1/../../../../arm-none-eabi/lib/thumb/v6-m/nofp\libcr_c.a(errno.o)
 .ARM.attributes
                0x000006c4       0x2c c:/users/akshh/documents/mcuxpressoide_11.0.1_2563/ide/plugins/com.nxp.mcuxpresso.tools.win32_11.0.1.201907311258/tools/bin/../lib/gcc/arm-none-eabi/8.2.1/../../../../arm-none-eabi/lib/thumb/v6-m/nofp\libcr_c.a(fclose.o)
 .ARM.attributes
                0x000006f0       0x2c c:/users/akshh/documents/mcuxpressoide_11.0.1_2563/ide/plugins/com.nxp.mcuxpresso.tools.win32_11.0.1.201907311258/tools/bin/../lib/gcc/arm-none-eabi/8.2.1/../../../../arm-none-eabi/lib/thumb/v6-m/nofp\libcr_c.a(fflush.o)
 .ARM.attributes
                0x0000071c       0x2c c:/users/akshh/documents/mcuxpressoide_11.0.1_2563/ide/plugins/com.nxp.mcuxpresso.tools.win32_11.0.1.201907311258/tools/bin/../lib/gcc/arm-none-eabi/8.2.1/../../../../arm-none-eabi/lib/thumb/v6-m/nofp\libcr_c.a(remove.o)
 .ARM.attributes
                0x00000748       0x2c c:/users/akshh/documents/mcuxpressoide_11.0.1_2563/ide/plugins/com.nxp.mcuxpresso.tools.win32_11.0.1.201907311258/tools/bin/../lib/gcc/arm-none-eabi/8.2.1/../../../../arm-none-eabi/lib/thumb/v6-m/nofp\libcr_c.a(_cr_check_heap.o)
 .ARM.attributes
                0x00000774       0x2c c:/users/akshh/documents/mcuxpressoide_11.0.1_2563/ide/plugins/com.nxp.mcuxpresso.tools.win32_11.0.1.201907311258/tools/bin/../lib/gcc/arm-none-eabi/8.2.1/../../../../arm-none-eabi/lib/thumb/v6-m/nofp\libcr_c.a(_do_fflush.o)
 .ARM.attributes
                0x000007a0       0x1c c:/users/akshh/documents/mcuxpressoide_11.0.1_2563/ide/plugins/com.nxp.mcuxpresso.tools.win32_11.0.1.201907311258/tools/bin/../lib/gcc/arm-none-eabi/8.2.1/thumb/v6-m/nofp\libcr_eabihelpers.a(division_32.o)
 .ARM.attributes
                0x000007bc       0x1c c:/users/akshh/documents/mcuxpressoide_11.0.1_2563/ide/plugins/com.nxp.mcuxpresso.tools.win32_11.0.1.201907311258/tools/bin/../lib/gcc/arm-none-eabi/8.2.1/thumb/v6-m/nofp\libcr_eabihelpers.a(division_idiv0.o)
 .ARM.attributes
                0x000007d8       0x2c c:/users/akshh/documents/mcuxpressoide_11.0.1_2563/ide/plugins/com.nxp.mcuxpresso.tools.win32_11.0.1.201907311258/tools/bin/../lib/gcc/arm-none-eabi/8.2.1/thumb/v6-m/nofp\libcr_eabihelpers.a(double.o)
 .ARM.attributes
                0x00000804       0x1c c:/users/akshh/documents/mcuxpressoide_11.0.1_2563/ide/plugins/com.nxp.mcuxpresso.tools.win32_11.0.1.201907311258/tools/bin/../lib/gcc/arm-none-eabi/8.2.1/thumb/v6-m/nofp\libcr_eabihelpers.a(llong.o)
 .ARM.attributes
                0x00000820       0x1c c:/users/akshh/documents/mcuxpressoide_11.0.1_2563/ide/plugins/com.nxp.mcuxpresso.tools.win32_11.0.1.201907311258/tools/bin/../lib/gcc/arm-none-eabi/8.2.1/thumb/v6-m/nofp\libcr_eabihelpers.a(memcpy.o)
 .ARM.attributes
                0x0000083c       0x2c c:/users/akshh/documents/mcuxpressoide_11.0.1_2563/ide/plugins/com.nxp.mcuxpresso.tools.win32_11.0.1.201907311258/tools/bin/../lib/gcc/arm-none-eabi/8.2.1/../../../../arm-none-eabi/lib/thumb/v6-m/nofp\libcr_nohost_nf.a(__sys_close.o)
 .ARM.attributes
                0x00000868       0x2c c:/users/akshh/documents/mcuxpressoide_11.0.1_2563/ide/plugins/com.nxp.mcuxpresso.tools.win32_11.0.1.201907311258/tools/bin/../lib/gcc/arm-none-eabi/8.2.1/../../../../arm-none-eabi/lib/thumb/v6-m/nofp\libcr_nohost_nf.a(__sys_flen.o)
 .ARM.attributes
                0x00000894       0x2c c:/users/akshh/documents/mcuxpressoide_11.0.1_2563/ide/plugins/com.nxp.mcuxpresso.tools.win32_11.0.1.201907311258/tools/bin/../lib/gcc/arm-none-eabi/8.2.1/../../../../arm-none-eabi/lib/thumb/v6-m/nofp\libcr_nohost_nf.a(__sys_istty.o)
 .ARM.attributes
                0x000008c0       0x2c c:/users/akshh/documents/mcuxpressoide_11.0.1_2563/ide/plugins/com.nxp.mcuxpresso.tools.win32_11.0.1.201907311258/tools/bin/../lib/gcc/arm-none-eabi/8.2.1/../../../../arm-none-eabi/lib/thumb/v6-m/nofp\libcr_nohost_nf.a(__sys_remove.o)
 .ARM.attributes
                0x000008ec       0x2c c:/users/akshh/documents/mcuxpressoide_11.0.1_2563/ide/plugins/com.nxp.mcuxpresso.tools.win32_11.0.1.201907311258/tools/bin/../lib/gcc/arm-none-eabi/8.2.1/../../../../arm-none-eabi/lib/thumb/v6-m/nofp\libcr_nohost_nf.a(__sys_seek.o)
 .ARM.attributes
                0x00000918       0x2c c:/users/akshh/documents/mcuxpressoide_11.0.1_2563/ide/plugins/com.nxp.mcuxpresso.tools.win32_11.0.1.201907311258/tools/bin/../lib/gcc/arm-none-eabi/8.2.1/../../../../arm-none-eabi/lib/thumb/v6-m/nofp\libcr_nohost_nf.a(__sys_tmpnam.o)
 .ARM.attributes
                0x00000944       0x2c c:/users/akshh/documents/mcuxpressoide_11.0.1_2563/ide/plugins/com.nxp.mcuxpresso.tools.win32_11.0.1.201907311258/tools/bin/../lib/gcc/arm-none-eabi/8.2.1/../../../../arm-none-eabi/lib/thumb/v6-m/nofp\libcr_nohost_nf.a(__sys_write.o)

.debug_frame    0x00000000     0x1c48
 .debug_frame   0x00000000      0x3b0 ./startup/startup_mkl25z4.o
 .debug_frame   0x000003b0       0x90 ./source/PES_Project_5.o
 .debug_frame   0x00000440       0xe0 ./source/System.o
 .debug_frame   0x00000520      0x170 ./source/circularbuffer.o
 .debug_frame   0x00000690       0x50 ./source/count_characters.o
 .debug_frame   0x000006e0       0xd8 ./source/logger.o
 .debug_frame   0x000007b8       0xec ./source/rtc.o
 .debug_frame   0x000008a4       0x20 ./source/semihost_hardfault.o
 .debug_frame   0x000008c4       0x30 ./source/test.o
 .debug_frame   0x000008f4       0x50 ./source/timestamp.o
 .debug_frame   0x00000944      0x1a4 ./source/uart.o
 .debug_frame   0x00000ae8      0x6e0 ./drivers/fsl_clock.o
 .debug_frame   0x000011c8      0x418 ./drivers/fsl_lpsci.o
 .debug_frame   0x000015e0      0x468 ./drivers/fsl_uart.o
 .debug_frame   0x00001a48      0x100 ./board/clock_config.o
 .debug_frame   0x00001b48       0x2c ./board/peripherals.o
 .debug_frame   0x00001b74       0x88 ./board/pin_mux.o
 .debug_frame   0x00001bfc       0x4c ./CMSIS/system_MKL25Z4.o

Cross Reference Table

Symbol                                            File
ADC0_DriverIRQHandler                             ./startup/startup_mkl25z4.o
ADC0_IRQHandler                                   ./startup/startup_mkl25z4.o
BOARD_BootClockRUN                                ./board/clock_config.o
BOARD_BootClockVLPR                               ./board/clock_config.o
BOARD_InitBootClocks                              ./board/clock_config.o
                                                  ./source/PES_Project_5.o
BOARD_InitBootPeripherals                         ./board/peripherals.o
                                                  ./source/PES_Project_5.o
BOARD_InitBootPins                                ./board/pin_mux.o
                                                  ./source/PES_Project_5.o
BOARD_InitPins                                    ./board/pin_mux.o
CLOCK_BootToBlpeMode                              ./drivers/fsl_clock.o
CLOCK_BootToBlpiMode                              ./drivers/fsl_clock.o
                                                  ./board/clock_config.o
CLOCK_BootToFeeMode                               ./drivers/fsl_clock.o
CLOCK_BootToFeiMode                               ./drivers/fsl_clock.o
CLOCK_BootToPeeMode                               ./drivers/fsl_clock.o
                                                  ./board/clock_config.o
CLOCK_CalcPllDiv                                  ./drivers/fsl_clock.o
CLOCK_ClearStatusFlags                            ./drivers/fsl_clock.o
CLOCK_DeinitOsc0                                  ./drivers/fsl_clock.o
CLOCK_EnablePll0                                  ./drivers/fsl_clock.o
CLOCK_EnableUsbfs0Clock                           ./drivers/fsl_clock.o
CLOCK_ExternalModeToFbeModeQuick                  ./drivers/fsl_clock.o
CLOCK_FllStableDelay                              ./drivers/fsl_clock.o
CLOCK_GetBusClkFreq                               ./drivers/fsl_clock.o
CLOCK_GetCoreSysClkFreq                           ./drivers/fsl_clock.o
CLOCK_GetEr32kClkFreq                             ./drivers/fsl_clock.o
CLOCK_GetFixedFreqClkFreq                         ./drivers/fsl_clock.o
CLOCK_GetFlashClkFreq                             ./drivers/fsl_clock.o
CLOCK_GetFllFreq                                  ./drivers/fsl_clock.o
CLOCK_GetFreq                                     ./drivers/fsl_clock.o
CLOCK_GetInternalRefClkFreq                       ./drivers/fsl_clock.o
CLOCK_GetMode                                     ./drivers/fsl_clock.o
CLOCK_GetOsc0ErClkFreq                            ./drivers/fsl_clock.o
CLOCK_GetOutClkFreq                               ./drivers/fsl_clock.o
CLOCK_GetPlatClkFreq                              ./drivers/fsl_clock.o
CLOCK_GetPll0Freq                                 ./drivers/fsl_clock.o
CLOCK_GetPllFllSelClkFreq                         ./drivers/fsl_clock.o
CLOCK_GetStatusFlags                              ./drivers/fsl_clock.o
CLOCK_InitOsc0                                    ./drivers/fsl_clock.o
                                                  ./board/clock_config.o
CLOCK_InternalModeToFbiModeQuick                  ./drivers/fsl_clock.o
CLOCK_SetBlpeMode                                 ./drivers/fsl_clock.o
CLOCK_SetBlpiMode                                 ./drivers/fsl_clock.o
CLOCK_SetExternalRefClkConfig                     ./drivers/fsl_clock.o
CLOCK_SetFbeMode                                  ./drivers/fsl_clock.o
CLOCK_SetFbiMode                                  ./drivers/fsl_clock.o
CLOCK_SetFeeMode                                  ./drivers/fsl_clock.o
CLOCK_SetFeiMode                                  ./drivers/fsl_clock.o
CLOCK_SetInternalRefClkConfig                     ./drivers/fsl_clock.o
                                                  ./board/clock_config.o
CLOCK_SetMcgConfig                                ./drivers/fsl_clock.o
CLOCK_SetOsc0MonitorMode                          ./drivers/fsl_clock.o
CLOCK_SetPbeMode                                  ./drivers/fsl_clock.o
CLOCK_SetPeeMode                                  ./drivers/fsl_clock.o
CLOCK_SetPll0MonitorMode                          ./drivers/fsl_clock.o
CLOCK_SetSimConfig                                ./drivers/fsl_clock.o
                                                  ./board/clock_config.o
CLOCK_TrimInternalRefClk                          ./drivers/fsl_clock.o
CMP0_DriverIRQHandler                             ./startup/startup_mkl25z4.o
CMP0_IRQHandler                                   ./startup/startup_mkl25z4.o
DAC0_DriverIRQHandler                             ./startup/startup_mkl25z4.o
DAC0_IRQHandler                                   ./startup/startup_mkl25z4.o
DMA0_DriverIRQHandler                             ./startup/startup_mkl25z4.o
DMA0_IRQHandler                                   ./startup/startup_mkl25z4.o
DMA1_DriverIRQHandler                             ./startup/startup_mkl25z4.o
DMA1_IRQHandler                                   ./startup/startup_mkl25z4.o
DMA2_DriverIRQHandler                             ./startup/startup_mkl25z4.o
DMA2_IRQHandler                                   ./startup/startup_mkl25z4.o
DMA3_DriverIRQHandler                             ./startup/startup_mkl25z4.o
DMA3_IRQHandler                                   ./startup/startup_mkl25z4.o
FLASH_Erase                                       ./drivers/fsl_flash.o
FLASH_EraseAll                                    ./drivers/fsl_flash.o
FLASH_EraseAllExecuteOnlySegments                 ./drivers/fsl_flash.o
FLASH_GetProperty                                 ./drivers/fsl_flash.o
FLASH_GetSecurityState                            ./drivers/fsl_flash.o
FLASH_Init                                        ./drivers/fsl_flash.o
FLASH_IsExecuteOnly                               ./drivers/fsl_flash.o
FLASH_IsProtected                                 ./drivers/fsl_flash.o
FLASH_PflashGetPrefetchSpeculation                ./drivers/fsl_flash.o
FLASH_PflashGetProtection                         ./drivers/fsl_flash.o
FLASH_PflashSetPrefetchSpeculation                ./drivers/fsl_flash.o
                                                  ./drivers/fsl_smc.o
FLASH_PflashSetProtection                         ./drivers/fsl_flash.o
FLASH_PrepareExecuteInRamFunctions                ./drivers/fsl_flash.o
FLASH_Program                                     ./drivers/fsl_flash.o
FLASH_ProgramOnce                                 ./drivers/fsl_flash.o
FLASH_ReadOnce                                    ./drivers/fsl_flash.o
FLASH_ReadResource                                ./drivers/fsl_flash.o
FLASH_SecurityBypass                              ./drivers/fsl_flash.o
FLASH_SetCallback                                 ./drivers/fsl_flash.o
FLASH_SetProperty                                 ./drivers/fsl_flash.o
FLASH_VerifyErase                                 ./drivers/fsl_flash.o
FLASH_VerifyEraseAll                              ./drivers/fsl_flash.o
FLASH_VerifyEraseAllExecuteOnlySegments           ./drivers/fsl_flash.o
FLASH_VerifyProgram                               ./drivers/fsl_flash.o
FTFA_DriverIRQHandler                             ./startup/startup_mkl25z4.o
FTFA_IRQHandler                                   ./startup/startup_mkl25z4.o
Flash_Config                                      ./startup/startup_mkl25z4.o
GPIO_ClearPinsInterruptFlags                      ./drivers/fsl_gpio.o
GPIO_GetPinsInterruptFlags                        ./drivers/fsl_gpio.o
GPIO_PinInit                                      ./drivers/fsl_gpio.o
Get_Rx_Char                                       ./source/uart.o
HardFault_Handler                                 ./source/semihost_hardfault.o
                                                  ./startup/startup_mkl25z4.o
I2C0_DriverIRQHandler                             ./startup/startup_mkl25z4.o
I2C0_IRQHandler                                   ./startup/startup_mkl25z4.o
I2C1_DriverIRQHandler                             ./startup/startup_mkl25z4.o
I2C1_IRQHandler                                   ./startup/startup_mkl25z4.o
Init_UART0                                        ./source/uart.o
                                                  ./source/PES_Project_5.o
InstallIRQHandler                                 ./drivers/fsl_common.o
IntDefaultHandler                                 ./startup/startup_mkl25z4.o
LLWU_DriverIRQHandler                             ./startup/startup_mkl25z4.o
LLWU_IRQHandler                                   ./startup/startup_mkl25z4.o
LPSCI_ClearStatusFlags                            ./drivers/fsl_lpsci.o
LPSCI_Deinit                                      ./drivers/fsl_lpsci.o
LPSCI_DisableInterrupts                           ./drivers/fsl_lpsci.o
LPSCI_EnableInterrupts                            ./drivers/fsl_lpsci.o
LPSCI_GetDefaultConfig                            ./drivers/fsl_lpsci.o
LPSCI_GetEnabledInterrupts                        ./drivers/fsl_lpsci.o
LPSCI_GetInstance                                 ./drivers/fsl_lpsci.o
LPSCI_GetStatusFlags                              ./drivers/fsl_lpsci.o
LPSCI_Init                                        ./drivers/fsl_lpsci.o
LPSCI_ReadBlocking                                ./drivers/fsl_lpsci.o
LPSCI_SetBaudRate                                 ./drivers/fsl_lpsci.o
LPSCI_TransferAbortReceive                        ./drivers/fsl_lpsci.o
LPSCI_TransferAbortSend                           ./drivers/fsl_lpsci.o
LPSCI_TransferCreateHandle                        ./drivers/fsl_lpsci.o
LPSCI_TransferGetReceiveCount                     ./drivers/fsl_lpsci.o
LPSCI_TransferGetSendCount                        ./drivers/fsl_lpsci.o
LPSCI_TransferHandleErrorIRQ                      ./drivers/fsl_lpsci.o
LPSCI_TransferHandleIRQ                           ./drivers/fsl_lpsci.o
LPSCI_TransferReceiveNonBlocking                  ./drivers/fsl_lpsci.o
LPSCI_TransferSendNonBlocking                     ./drivers/fsl_lpsci.o
LPSCI_TransferStartRingBuffer                     ./drivers/fsl_lpsci.o
LPSCI_TransferStopRingBuffer                      ./drivers/fsl_lpsci.o
LPSCI_WriteBlocking                               ./drivers/fsl_lpsci.o
LPTMR0_DriverIRQHandler                           ./startup/startup_mkl25z4.o
LPTMR0_IRQHandler                                 ./startup/startup_mkl25z4.o
LVD_LVW_DriverIRQHandler                          ./startup/startup_mkl25z4.o
LVD_LVW_IRQHandler                                ./startup/startup_mkl25z4.o
MCG_DriverIRQHandler                              ./startup/startup_mkl25z4.o
MCG_IRQHandler                                    ./startup/startup_mkl25z4.o
NMI_Handler                                       ./startup/startup_mkl25z4.o
PIT_DriverIRQHandler                              ./startup/startup_mkl25z4.o
PIT_IRQHandler                                    ./startup/startup_mkl25z4.o
PORTA_DriverIRQHandler                            ./startup/startup_mkl25z4.o
PORTA_IRQHandler                                  ./startup/startup_mkl25z4.o
PORTD_DriverIRQHandler                            ./startup/startup_mkl25z4.o
PORTD_IRQHandler                                  ./startup/startup_mkl25z4.o
PRINTF                                            ./source/logger.o
PendSV_Handler                                    ./startup/startup_mkl25z4.o
RTC_ClearStatusFlags                              ./drivers/fsl_rtc.o
RTC_DriverIRQHandler                              ./startup/startup_mkl25z4.o
RTC_GetAlarm                                      ./drivers/fsl_rtc.o
RTC_GetDatetime                                   ./drivers/fsl_rtc.o
                                                  ./source/rtc.o
RTC_GetDefaultConfig                              ./drivers/fsl_rtc.o
                                                  ./source/rtc.o
RTC_IRQHandler                                    ./startup/startup_mkl25z4.o
RTC_Init                                          ./drivers/fsl_rtc.o
                                                  ./source/rtc.o
RTC_Init_Clock                                    ./source/rtc.o
RTC_Seconds_DriverIRQHandler                      ./startup/startup_mkl25z4.o
RTC_Seconds_IRQHandler                            ./source/rtc.o
                                                  ./startup/startup_mkl25z4.o
RTC_SetAlarm                                      ./drivers/fsl_rtc.o
RTC_SetDatetime                                   ./drivers/fsl_rtc.o
                                                  ./source/rtc.o
RTC_Time                                          ./source/rtc.o
Reserved20_DriverIRQHandler                       ./startup/startup_mkl25z4.o
Reserved20_IRQHandler                             ./startup/startup_mkl25z4.o
Reserved39_DriverIRQHandler                       ./startup/startup_mkl25z4.o
Reserved39_IRQHandler                             ./startup/startup_mkl25z4.o
Reserved45_DriverIRQHandler                       ./startup/startup_mkl25z4.o
Reserved45_IRQHandler                             ./startup/startup_mkl25z4.o
ResetISR                                          ./startup/startup_mkl25z4.o
RxBuffer                                          ./source/uart.o
Rx_Chars_Available                                ./source/uart.o
SMC_PostExitStopModes                             ./drivers/fsl_smc.o
SMC_PreEnterStopModes                             ./drivers/fsl_smc.o
SMC_SetPowerModeLls                               ./drivers/fsl_smc.o
SMC_SetPowerModeRun                               ./drivers/fsl_smc.o
SMC_SetPowerModeStop                              ./drivers/fsl_smc.o
SMC_SetPowerModeVlls                              ./drivers/fsl_smc.o
SMC_SetPowerModeVlpr                              ./drivers/fsl_smc.o
                                                  ./board/clock_config.o
SMC_SetPowerModeVlps                              ./drivers/fsl_smc.o
SMC_SetPowerModeVlpw                              ./drivers/fsl_smc.o
SMC_SetPowerModeWait                              ./drivers/fsl_smc.o
SPI0_DriverIRQHandler                             ./startup/startup_mkl25z4.o
SPI0_IRQHandler                                   ./startup/startup_mkl25z4.o
SPI1_DriverIRQHandler                             ./startup/startup_mkl25z4.o
SPI1_IRQHandler                                   ./startup/startup_mkl25z4.o
SVC_Handler                                       ./startup/startup_mkl25z4.o
Send_String                                       ./source/uart.o
Send_String_Poll                                  ./source/uart.o
                                                  ./source/logger.o
                                                  ./source/count_characters.o
SysTick_Handler                                   ./source/timestamp.o
                                                  ./startup/startup_mkl25z4.o
SystemCoreClock                                   ./CMSIS/system_MKL25Z4.o
                                                  ./board/clock_config.o
SystemCoreClockUpdate                             ./CMSIS/system_MKL25Z4.o
SystemInit                                        ./CMSIS/system_MKL25Z4.o
                                                  ./startup/startup_mkl25z4.o
System_Init                                       ./source/System.o
System_Recover                                    ./source/System.o
System_Safestate                                  ./source/System.o
                                                  ./source/test.o
System_Shutdown                                   ./source/System.o
System_WriteInt                                   ./source/System.o
System_WriteString                                ./source/System.o
                                                  ./source/test.o
System_exit                                       ./source/System.o
TPM0_DriverIRQHandler                             ./startup/startup_mkl25z4.o
TPM0_IRQHandler                                   ./startup/startup_mkl25z4.o
TPM1_DriverIRQHandler                             ./startup/startup_mkl25z4.o
TPM1_IRQHandler                                   ./startup/startup_mkl25z4.o
TPM2_DriverIRQHandler                             ./startup/startup_mkl25z4.o
TPM2_IRQHandler                                   ./startup/startup_mkl25z4.o
TSI0_DriverIRQHandler                             ./startup/startup_mkl25z4.o
TSI0_IRQHandler                                   ./startup/startup_mkl25z4.o
TxBuffer                                          ./source/uart.o
UART0_DriverIRQHandler                            ./drivers/fsl_lpsci.o
                                                  ./startup/startup_mkl25z4.o
UART0_IRQHandler                                  ./startup/startup_mkl25z4.o
UART1_DriverIRQHandler                            ./drivers/fsl_uart.o
                                                  ./startup/startup_mkl25z4.o
UART1_IRQHandler                                  ./startup/startup_mkl25z4.o
UART1_RX_TX_DriverIRQHandler                      ./drivers/fsl_uart.o
UART2_DriverIRQHandler                            ./drivers/fsl_uart.o
                                                  ./startup/startup_mkl25z4.o
UART2_IRQHandler                                  ./startup/startup_mkl25z4.o
UART2_RX_TX_DriverIRQHandler                      ./drivers/fsl_uart.o
UART_ClearStatusFlags                             ./drivers/fsl_uart.o
UART_Deinit                                       ./drivers/fsl_uart.o
UART_DisableInterrupts                            ./drivers/fsl_uart.o
UART_EnableInterrupts                             ./drivers/fsl_uart.o
UART_GetDefaultConfig                             ./drivers/fsl_uart.o
UART_GetEnabledInterrupts                         ./drivers/fsl_uart.o
UART_GetInstance                                  ./drivers/fsl_uart.o
UART_GetStatusFlags                               ./drivers/fsl_uart.o
UART_Init                                         ./drivers/fsl_uart.o
UART_ReadBlocking                                 ./drivers/fsl_uart.o
UART_SetBaudRate                                  ./drivers/fsl_uart.o
UART_TransferAbortReceive                         ./drivers/fsl_uart.o
UART_TransferAbortSend                            ./drivers/fsl_uart.o
UART_TransferCreateHandle                         ./drivers/fsl_uart.o
UART_TransferGetReceiveCount                      ./drivers/fsl_uart.o
UART_TransferGetSendCount                         ./drivers/fsl_uart.o
UART_TransferHandleErrorIRQ                       ./drivers/fsl_uart.o
UART_TransferHandleIRQ                            ./drivers/fsl_uart.o
UART_TransferReceiveNonBlocking                   ./drivers/fsl_uart.o
UART_TransferSendNonBlocking                      ./drivers/fsl_uart.o
UART_TransferStartRingBuffer                      ./drivers/fsl_uart.o
UART_TransferStopRingBuffer                       ./drivers/fsl_uart.o
UART_WriteBlocking                                ./drivers/fsl_uart.o
USB0_DriverIRQHandler                             ./startup/startup_mkl25z4.o
USB0_IRQHandler                                   ./startup/startup_mkl25z4.o
_Csys_alloc                                       c:/users/akshh/documents/mcuxpressoide_11.0.1_2563/ide/plugins/com.nxp.mcuxpresso.tools.win32_11.0.1.201907311258/tools/bin/../lib/gcc/arm-none-eabi/8.2.1/../../../../arm-none-eabi/lib/thumb/v6-m/nofp\libcr_c.a(alloc.o)
                                                  c:/users/akshh/documents/mcuxpressoide_11.0.1_2563/ide/plugins/com.nxp.mcuxpresso.tools.win32_11.0.1.201907311258/tools/bin/../lib/gcc/arm-none-eabi/8.2.1/../../../../arm-none-eabi/lib/thumb/v6-m/nofp\libcr_c.a(_deferredlazyseek.o)
_Cwritebuf                                        c:/users/akshh/documents/mcuxpressoide_11.0.1_2563/ide/plugins/com.nxp.mcuxpresso.tools.win32_11.0.1.201907311258/tools/bin/../lib/gcc/arm-none-eabi/8.2.1/../../../../arm-none-eabi/lib/thumb/v6-m/nofp\libcr_c.a(_writebuf.o)
                                                  c:/users/akshh/documents/mcuxpressoide_11.0.1_2563/ide/plugins/com.nxp.mcuxpresso.tools.win32_11.0.1.201907311258/tools/bin/../lib/gcc/arm-none-eabi/8.2.1/../../../../arm-none-eabi/lib/thumb/v6-m/nofp\libcr_c.a(_fflush.o)