core_cm0plus.h:745:22:NVIC_EnableIRQ	16	static
core_cm0plus.h:791:22:NVIC_ClearPendingIRQ	16	static
core_cm0plus.h:804:22:NVIC_SetPriority	24	static
uart.c:20:6:Init_UART0	32	static
uart.c:84:6:uart0_putchar	16	static
uart.c:92:9:uart0_getchar	8	static
uart.c:99:6:Send_String_Poll	16	static
uart.c:106:6:Send_String	16	static
uart.c:124:6:uart0_rx_chars_available	8	static
uart.c:129:6:uart0_get_rx_char	8	static
uart.c:134:10:Rx_Chars_Available	8	static
uart.c:139:9:Get_Rx_Char	16	static
uart.c:145:6:UART0_IRQHandler	16	static
uart.c:203:9:uart_echo	16	static
